2026-08-25T07:01:01.5305716-05:00 [INFO] ============================================================
2026-08-25T07:01:01.5355713-05:00 [INFO] BrickTrackr Rebrickable full refresh starting
2026-08-25T07:01:01.5365729-05:00 [INFO] StartPhase=PHASE1
2026-08-25T07:01:01.5375739-05:00 [INFO] ImportRoot=L:\var\www\Brk.Trkr\brk.trkr-db\import
2026-08-25T07:01:01.5385729-05:00 [INFO] SnapshotDir=L:\var\www\Brk.Trkr\brk.trkr-db\import\runtime\snapshots\nightly_20260825_070057
2026-08-25T07:01:01.5395710-05:00 [INFO] ============================================================
2026-08-25T07:01:01.5465726-05:00 [PASS] Complete Rebrickable snapshot verified.
2026-08-25T07:01:01.5515716-05:00 [INFO] START PHASE1: import_rebrickable_phase1.py --work-dir L:\var\www\Brk.Trkr\brk.trkr-db\import\runtime\snapshots\nightly_20260825_070057
2026-08-25T07:01:01.7685743-05:00 [PHASE1] ===============================================================================
2026-08-25T07:01:01.7705709-05:00 [PHASE1]  BrickTrackr Rebrickable Import - Phase 1 v2.0.3
2026-08-25T07:01:01.7715712-05:00 [PHASE1] ===============================================================================
2026-08-25T07:01:01.7725713-05:00 [PHASE1] Work directory: L:\var\www\Brk.Trkr\brk.trkr-db\import\runtime\snapshots\nightly_20260825_070057
2026-08-25T07:01:01.7725713-05:00 [PHASE1] [+] Database import contract verified.
2026-08-25T07:01:01.7735706-05:00 [PHASE1] [+] Created source run: 01a038cb-9720-7b1f-9d48-dcb4863333b2
2026-08-25T07:01:01.7745705-05:00 [PHASE1] [+] themes: snapshot verified 496 rows, sha256=620ead9d1ce5f79eeddd13dbd6cc18b3c34717f594d6ca60180d8956b4eff253
2026-08-25T07:01:01.7755705-05:00 [PHASE1] [i] colors: ignoring additional source columns ('num_parts', 'num_sets', 'y1', 'y2')
2026-08-25T07:01:01.7755705-05:00 [PHASE1] [+] colors: snapshot verified 275 rows, sha256=9263b6b9e43446e9f8f40226c22f29bcc7cb97bb8dd7e66bb2c1fcc56b74e66f
2026-08-25T07:01:01.7765705-05:00 [PHASE1] [+] part_categories: snapshot verified 76 rows, sha256=45517dbe3f967d79d359018faf7a4e5869b7b907265b3aa0a97c3f5c077759bd
2026-08-25T07:01:01.7775706-05:00 [PHASE1] [+] All Phase-1 snapshot archives validated.
2026-08-25T07:01:01.7785715-05:00 [PHASE1] [*] Staging themes...
2026-08-25T07:01:01.7795712-05:00 [PHASE1] [+] themes: staged and validated 496 rows
2026-08-25T07:01:01.7795712-05:00 [PHASE1] [*] Staging colors...
2026-08-25T07:01:01.7805709-05:00 [PHASE1] [+] colors: staged and validated 275 rows
2026-08-25T07:01:01.7815738-05:00 [PHASE1] [*] Staging part_categories...
2026-08-25T07:01:01.7825712-05:00 [PHASE1] [+] part_categories: staged and validated 76 rows
2026-08-25T07:01:01.7835709-05:00 [PHASE1] ===============================================================================
2026-08-25T07:01:01.7835709-05:00 [PHASE1]  [PASS] Rebrickable Phase 1 staged successfully
2026-08-25T07:01:01.7845707-05:00 [PHASE1] ===============================================================================
2026-08-25T07:01:01.7855734-05:00 [PHASE1] Source run: 01a038cb-9720-7b1f-9d48-dcb4863333b2
2026-08-25T07:01:01.7865736-05:00 [PHASE1] Run status: VALIDATING
2026-08-25T07:01:01.7875755-05:00 [PHASE1] Canonical tables modified: NO
2026-08-25T07:01:01.7885760-05:00 [PHASE1] Next step: Phase 2 reference reconciliation
2026-08-25T07:01:01.7895735-05:00 [INFO] PHASE1 process exit code=0
2026-08-25T07:01:01.7905768-05:00 [PASS] PHASE1 completed
2026-08-25T07:01:01.7925741-05:00 [INFO] START PHASE2: import_rebrickable_phase2.py 
2026-08-25T07:01:02.0571211-05:00 [PHASE2] ==============================================================================
2026-08-25T07:01:02.0581216-05:00 [PHASE2]  BrickTrackr Rebrickable Import - Phase 2 v2.1.0
2026-08-25T07:01:02.0591220-05:00 [PHASE2] ==============================================================================
2026-08-25T07:01:02.0601215-05:00 [PHASE2] [+] Database contract verified for login 'bricktrackr_import'.
2026-08-25T07:01:02.0611222-05:00 [PHASE2] [*] Reconciling source run: 01a038cb-9720-7b1f-9d48-dcb4863333b2
2026-08-25T07:01:02.0621227-05:00 [PHASE2] [+] Reference reconciliation committed atomically.
2026-08-25T07:01:02.0631226-05:00 [PHASE2] {
2026-08-25T07:01:02.0641222-05:00 [PHASE2]   "phase": 2,
2026-08-25T07:01:02.0651221-05:00 [PHASE2]   "reconciled": {
2026-08-25T07:01:02.0661217-05:00 [PHASE2]     "colors": 275,
2026-08-25T07:01:02.0671224-05:00 [PHASE2]     "themes": 496,
2026-08-25T07:01:02.0681216-05:00 [PHASE2]     "part_categories": 76
2026-08-25T07:01:02.0691212-05:00 [PHASE2]   },
2026-08-25T07:01:02.0701218-05:00 [PHASE2]   "completed_at": "2026-08-25T12:01:01.962322+00:00",
2026-08-25T07:01:02.0701218-05:00 [PHASE2]   "source_run_id": "01a038cb-9720-7b1f-9d48-dcb4863333b2",
2026-08-25T07:01:02.0711212-05:00 [PHASE2]   "canonical_created": {
2026-08-25T07:01:02.0721208-05:00 [PHASE2]     "colors": 275,
2026-08-25T07:01:02.0731210-05:00 [PHASE2]     "themes": 496,
2026-08-25T07:01:02.0741214-05:00 [PHASE2]     "part_categories": 76
2026-08-25T07:01:02.0751226-05:00 [PHASE2]   }
2026-08-25T07:01:02.0761218-05:00 [PHASE2] }
2026-08-25T07:01:02.0771227-05:00 [PHASE2] ==============================================================================
2026-08-25T07:01:02.0781231-05:00 [PHASE2]  [PASS] Rebrickable Phase 2 completed successfully
2026-08-25T07:01:02.0791219-05:00 [PHASE2] ==============================================================================
2026-08-25T07:01:02.0811220-05:00 [INFO] PHASE2 process exit code=0
2026-08-25T07:01:02.0821211-05:00 [PASS] PHASE2 completed
2026-08-25T07:01:02.0831216-05:00 [INFO] START PHASE3A: import_rebrickable_phase3.py --work-dir L:\var\www\Brk.Trkr\brk.trkr-db\import\runtime\snapshots\nightly_20260825_070057
2026-08-25T07:01:02.2321215-05:00 [PHASE3A] [ENCODING] utf8_mode=0; stdout=utf-8; stderr=utf-8; preferred=cp1252; PGCLIENTENCODING=None
2026-08-25T07:01:05.6774801-05:00 [PHASE3A] ==============================================================================
2026-08-25T07:01:05.6794803-05:00 [PHASE3A]  BrickTrackr Rebrickable Import - Phase 3 Staging v3.0.3
2026-08-25T07:01:05.6804809-05:00 [PHASE3A] ==============================================================================
2026-08-25T07:01:05.6814822-05:00 [PHASE3A] [i] parts: preserving additional source columns ('part_material',)
2026-08-25T07:01:05.6824811-05:00 [PHASE3A] [+] parts: snapshot verified 64,347 rows, sha256=2afe3df8db15772da2862fc10f45fc7255b93df38e9fda21274f3e9e5b5051c3
2026-08-25T07:01:05.6824811-05:00 [PHASE3A] [+] sets: snapshot verified 28,119 rows, sha256=9b56cd91f10ccaf6d1b823427325832d7a976c4fcded6e4d6802732e1ff7dbb0
2026-08-25T07:01:05.6834815-05:00 [PHASE3A] [+] minifigs: snapshot verified 17,162 rows, sha256=60ead450df9e6157012dbdca36186fc5c6ac9c114d10d7be2f6af38055ddf7d6
2026-08-25T07:01:05.6844823-05:00 [PHASE3A] [+] PostgreSQL client_encoding: UTF8
2026-08-25T07:01:05.6854829-05:00 [PHASE3A] [+] Database contract verified for login 'bricktrackr_import'.
2026-08-25T07:01:05.6864816-05:00 [PHASE3A] [*] Created source run: 01a038cb-99f0-7fd0-8c22-fc78a60b5973
2026-08-25T07:01:05.6874822-05:00 [PHASE3A] [+] parts: staged 64,347 rows.
2026-08-25T07:01:05.6874822-05:00 [PHASE3A] [+] sets: staged 28,119 rows.
2026-08-25T07:01:05.6884805-05:00 [PHASE3A] [+] minifigs: staged 17,162 rows.
2026-08-25T07:01:05.6894805-05:00 [PHASE3A] ==============================================================================
2026-08-25T07:01:05.6904812-05:00 [PHASE3A]  [PASS] Rebrickable Phase 3 staging completed successfully
2026-08-25T07:01:05.6914811-05:00 [PHASE3A]  Source run: 01a038cb-99f0-7fd0-8c22-fc78a60b5973
2026-08-25T07:01:05.6914811-05:00 [PHASE3A]  Next: run Phase 3 reconciliation
2026-08-25T07:01:05.6924803-05:00 [PHASE3A] ==============================================================================
2026-08-25T07:01:05.6984815-05:00 [INFO] PHASE3A process exit code=0
2026-08-25T07:01:05.6994819-05:00 [PASS] PHASE3A completed
2026-08-25T07:01:05.7484838-05:00 [INFO] PHASE3A source_run_id=01a038cb-99f0-7fd0-8c22-fc78a60b5973
2026-08-25T07:01:05.7934808-05:00 [INFO] START PHASE3B: reconcile_rebrickable_phase3_checkpointed.py --source-run-id 01a038cb-99f0-7fd0-8c22-fc78a60b5973
2026-08-25T07:01:06.0043040-05:00 [PHASE3B] ==============================================================================
2026-08-25T07:01:06.0053032-05:00 [PHASE3B]  BrickTrackr Rebrickable Phase 3B - Checkpointed Reconcile v3.2.2
2026-08-25T07:01:06.0063034-05:00 [PHASE3B] ==============================================================================
2026-08-25T07:01:06.0073034-05:00 [PHASE3B] [INFO] Mode:       RESUME
2026-08-25T07:01:06.0083037-05:00 [PHASE3B] [INFO] Source run: 01a038cb-99f0-7fd0-8c22-fc78a60b5973
2026-08-25T07:01:06.0093031-05:00 [PHASE3B] [INFO] Batch size: 5,000
2026-08-25T07:01:06.0103046-05:00 [PHASE3B] 
2026-08-25T07:01:06.0113036-05:00 [PHASE3B] [+] Checkpoint ledger ready: parts=64,347, sets=28,119, minifigures=17,162
2026-08-25T07:01:06.0123055-05:00 [PHASE3B] 
2026-08-25T07:01:06.0133033-05:00 [PHASE3B] -------------------------------------------------------------------------------
2026-08-25T07:01:06.0143034-05:00 [PHASE3B]  Durable Phase 3B checkpoint status
2026-08-25T07:01:06.0143034-05:00 [PHASE3B] -------------------------------------------------------------------------------
2026-08-25T07:01:06.0153058-05:00 [PHASE3B] 
2026-08-25T07:01:06.0163035-05:00 [PHASE3B] [1/6] VALIDATE_SOURCE_RUN
2026-08-25T07:01:06.0173056-05:00 [PHASE3B]       [1.1] RUN_CONTRACT             PENDING           0 / 1           0.0%  batches=0
2026-08-25T07:01:06.0183030-05:00 [PHASE3B]       [1.2] STAGED_COUNTS            PENDING           0 / 1           0.0%  batches=0
2026-08-25T07:01:06.0183030-05:00 [PHASE3B]       [1.3] REFERENCE_LINKS          PENDING           0 / 1           0.0%  batches=0
2026-08-25T07:01:06.0193039-05:00 [PHASE3B] 
2026-08-25T07:01:06.0203032-05:00 [PHASE3B] [2/6] RECONCILE_PARTS
2026-08-25T07:01:06.0213030-05:00 [PHASE3B]       [2.1] CATALOG_IDENTITIES       PENDING           0 / 64,347      0.0%  batches=0
2026-08-25T07:01:06.0223055-05:00 [PHASE3B]       [2.2] PART_ROWS                PENDING           0 / 64,347      0.0%  batches=0
2026-08-25T07:01:06.0233032-05:00 [PHASE3B]       [2.3] SOURCE_VALUES            PENDING           0 / 64,347      0.0%  batches=0
2026-08-25T07:01:06.0243038-05:00 [PHASE3B] 
2026-08-25T07:01:06.0243038-05:00 [PHASE3B] [3/6] RECONCILE_SETS
2026-08-25T07:01:06.0343015-05:00 [PHASE3B]       [3.1] CATALOG_IDENTITIES       PENDING           0 / 28,119      0.0%  batches=0
2026-08-25T07:01:06.0353015-05:00 [PHASE3B]       [3.2] SET_ROWS                 PENDING           0 / 28,119      0.0%  batches=0
2026-08-25T07:01:06.0363031-05:00 [PHASE3B]       [3.3] SOURCE_VALUES            PENDING           0 / 28,119      0.0%  batches=0
2026-08-25T07:01:06.0373036-05:00 [PHASE3B] 
2026-08-25T07:01:06.0383023-05:00 [PHASE3B] [4/6] RECONCILE_MINIFIGURES
2026-08-25T07:01:06.0383023-05:00 [PHASE3B]       [4.1] CATALOG_IDENTITIES       PENDING           0 / 17,162      0.0%  batches=0
2026-08-25T07:01:06.0393021-05:00 [PHASE3B]       [4.2] MINIFIGURE_ROWS          PENDING           0 / 17,162      0.0%  batches=0
2026-08-25T07:01:06.0403031-05:00 [PHASE3B]       [4.3] SOURCE_VALUES            PENDING           0 / 17,162      0.0%  batches=0
2026-08-25T07:01:06.0413032-05:00 [PHASE3B] 
2026-08-25T07:01:06.0413032-05:00 [PHASE3B] [5/6] SOURCE_PRESENCE
2026-08-25T07:01:06.0423016-05:00 [PHASE3B]       [5.1] PARTS                    PENDING           0 / 1           0.0%  batches=0
2026-08-25T07:01:06.0433015-05:00 [PHASE3B]       [5.2] SETS                     PENDING           0 / 1           0.0%  batches=0
2026-08-25T07:01:06.0443036-05:00 [PHASE3B]       [5.3] MINIFIGURES              PENDING           0 / 1           0.0%  batches=0
2026-08-25T07:01:06.0443036-05:00 [PHASE3B] 
2026-08-25T07:01:06.0453016-05:00 [PHASE3B] [6/6] FINALIZE_SOURCE_RUN
2026-08-25T07:01:06.0463035-05:00 [PHASE3B]       [6.1] VERIFY_COUNTS            PENDING           0 / 1           0.0%  batches=0
2026-08-25T07:01:06.0473016-05:00 [PHASE3B]       [6.2] COMPLETE_RUN             PENDING           0 / 1           0.0%  batches=0
2026-08-25T07:01:06.0473016-05:00 [PHASE3B] 
2026-08-25T07:01:06.0483028-05:00 [PHASE3B] [RUN] [1.1] VALIDATE_SOURCE_RUN / RUN_CONTRACT 0/1 (  0.0%) batch=1
2026-08-25T07:01:06.0493025-05:00 [PHASE3B] [OK ] [1.1] RUN_CONTRACT: 1/1 (100.0%) batches=1 elapsed=0.00s
2026-08-25T07:01:06.0503026-05:00 [PHASE3B] 
2026-08-25T07:01:06.0503026-05:00 [PHASE3B] -------------------------------------------------------------------------------
2026-08-25T07:01:06.0513015-05:00 [PHASE3B]  Durable Phase 3B checkpoint status
2026-08-25T07:01:06.0523024-05:00 [PHASE3B] -------------------------------------------------------------------------------
2026-08-25T07:01:06.0533030-05:00 [PHASE3B] 
2026-08-25T07:01:06.0533030-05:00 [PHASE3B] [1/6] VALIDATE_SOURCE_RUN
2026-08-25T07:01:06.0543016-05:00 [PHASE3B]       [1.1] RUN_CONTRACT             COMPLETED         1 / 1         100.0%  batches=1
2026-08-25T07:01:06.0553014-05:00 [PHASE3B]       [1.2] STAGED_COUNTS            PENDING           0 / 1           0.0%  batches=0
2026-08-25T07:01:06.0553014-05:00 [PHASE3B]       [1.3] REFERENCE_LINKS          PENDING           0 / 1           0.0%  batches=0
2026-08-25T07:01:06.0563027-05:00 [PHASE3B] 
2026-08-25T07:01:06.0573029-05:00 [PHASE3B] [2/6] RECONCILE_PARTS
2026-08-25T07:01:06.0583016-05:00 [PHASE3B]       [2.1] CATALOG_IDENTITIES       PENDING           0 / 64,347      0.0%  batches=0
2026-08-25T07:01:06.0583016-05:00 [PHASE3B]       [2.2] PART_ROWS                PENDING           0 / 64,347      0.0%  batches=0
2026-08-25T07:01:06.0593032-05:00 [PHASE3B]       [2.3] SOURCE_VALUES            PENDING           0 / 64,347      0.0%  batches=0
2026-08-25T07:01:06.0603041-05:00 [PHASE3B] 
2026-08-25T07:01:06.0613021-05:00 [PHASE3B] [3/6] RECONCILE_SETS
2026-08-25T07:01:06.0613021-05:00 [PHASE3B]       [3.1] CATALOG_IDENTITIES       PENDING           0 / 28,119      0.0%  batches=0
2026-08-25T07:01:06.0623015-05:00 [PHASE3B]       [3.2] SET_ROWS                 PENDING           0 / 28,119      0.0%  batches=0
2026-08-25T07:01:06.0633015-05:00 [PHASE3B]       [3.3] SOURCE_VALUES            PENDING           0 / 28,119      0.0%  batches=0
2026-08-25T07:01:06.0643028-05:00 [PHASE3B] 
2026-08-25T07:01:06.0643028-05:00 [PHASE3B] [4/6] RECONCILE_MINIFIGURES
2026-08-25T07:01:06.0653024-05:00 [PHASE3B]       [4.1] CATALOG_IDENTITIES       PENDING           0 / 17,162      0.0%  batches=0
2026-08-25T07:01:06.0663020-05:00 [PHASE3B]       [4.2] MINIFIGURE_ROWS          PENDING           0 / 17,162      0.0%  batches=0
2026-08-25T07:01:06.0663020-05:00 [PHASE3B]       [4.3] SOURCE_VALUES            PENDING           0 / 17,162      0.0%  batches=0
2026-08-25T07:01:06.0673015-05:00 [PHASE3B] 
2026-08-25T07:01:06.0683014-05:00 [PHASE3B] [5/6] SOURCE_PRESENCE
2026-08-25T07:01:06.0693018-05:00 [PHASE3B]       [5.1] PARTS                    PENDING           0 / 1           0.0%  batches=0
2026-08-25T07:01:06.0693018-05:00 [PHASE3B]       [5.2] SETS                     PENDING           0 / 1           0.0%  batches=0
2026-08-25T07:01:06.0703016-05:00 [PHASE3B]       [5.3] MINIFIGURES              PENDING           0 / 1           0.0%  batches=0
2026-08-25T07:01:06.0713015-05:00 [PHASE3B] 
2026-08-25T07:01:06.0723022-05:00 [PHASE3B] [6/6] FINALIZE_SOURCE_RUN
2026-08-25T07:01:06.0723022-05:00 [PHASE3B]       [6.1] VERIFY_COUNTS            PENDING           0 / 1           0.0%  batches=0
2026-08-25T07:01:06.0733030-05:00 [PHASE3B]       [6.2] COMPLETE_RUN             PENDING           0 / 1           0.0%  batches=0
2026-08-25T07:01:06.0743019-05:00 [PHASE3B] 
2026-08-25T07:01:06.0753016-05:00 [PHASE3B] [RUN] [1.2] VALIDATE_SOURCE_RUN / STAGED_COUNTS 0/1 (  0.0%) batch=1
2026-08-25T07:01:06.0753016-05:00 [PHASE3B] [OK ] [1.2] STAGED_COUNTS: 1/1 (100.0%) batches=1 elapsed=0.01s
2026-08-25T07:01:06.0763029-05:00 [PHASE3B] 
2026-08-25T07:01:06.0773032-05:00 [PHASE3B] -------------------------------------------------------------------------------
2026-08-25T07:01:06.0783017-05:00 [PHASE3B]  Durable Phase 3B checkpoint status
2026-08-25T07:01:06.0783017-05:00 [PHASE3B] -------------------------------------------------------------------------------
2026-08-25T07:01:06.0793028-05:00 [PHASE3B] 
2026-08-25T07:01:06.0803017-05:00 [PHASE3B] [1/6] VALIDATE_SOURCE_RUN
2026-08-25T07:01:06.0813015-05:00 [PHASE3B]       [1.1] RUN_CONTRACT             COMPLETED         1 / 1         100.0%  batches=1
2026-08-25T07:01:06.0823030-05:00 [PHASE3B]       [1.2] STAGED_COUNTS            COMPLETED         1 / 1         100.0%  batches=1
2026-08-25T07:01:06.0823030-05:00 [PHASE3B]       [1.3] REFERENCE_LINKS          PENDING           0 / 1           0.0%  batches=0
2026-08-25T07:01:06.0833030-05:00 [PHASE3B] 
2026-08-25T07:01:06.0843025-05:00 [PHASE3B] [2/6] RECONCILE_PARTS
2026-08-25T07:01:06.0853024-05:00 [PHASE3B]       [2.1] CATALOG_IDENTITIES       PENDING           0 / 64,347      0.0%  batches=0
2026-08-25T07:01:06.0853024-05:00 [PHASE3B]       [2.2] PART_ROWS                PENDING           0 / 64,347      0.0%  batches=0
2026-08-25T07:01:06.0863030-05:00 [PHASE3B]       [2.3] SOURCE_VALUES            PENDING           0 / 64,347      0.0%  batches=0
2026-08-25T07:01:06.0873029-05:00 [PHASE3B] 
2026-08-25T07:01:06.0883028-05:00 [PHASE3B] [3/6] RECONCILE_SETS
2026-08-25T07:01:06.0883028-05:00 [PHASE3B]       [3.1] CATALOG_IDENTITIES       PENDING           0 / 28,119      0.0%  batches=0
2026-08-25T07:01:06.0893024-05:00 [PHASE3B]       [3.2] SET_ROWS                 PENDING           0 / 28,119      0.0%  batches=0
2026-08-25T07:01:06.0903039-05:00 [PHASE3B]       [3.3] SOURCE_VALUES            PENDING           0 / 28,119      0.0%  batches=0
2026-08-25T07:01:06.0913030-05:00 [PHASE3B] 
2026-08-25T07:01:06.0913030-05:00 [PHASE3B] [4/6] RECONCILE_MINIFIGURES
2026-08-25T07:01:06.0923027-05:00 [PHASE3B]       [4.1] CATALOG_IDENTITIES       PENDING           0 / 17,162      0.0%  batches=0
2026-08-25T07:01:06.0933051-05:00 [PHASE3B]       [4.2] MINIFIGURE_ROWS          PENDING           0 / 17,162      0.0%  batches=0
2026-08-25T07:01:06.0943024-05:00 [PHASE3B]       [4.3] SOURCE_VALUES            PENDING           0 / 17,162      0.0%  batches=0
2026-08-25T07:01:06.0953049-05:00 [PHASE3B] 
2026-08-25T07:01:06.0953049-05:00 [PHASE3B] [5/6] SOURCE_PRESENCE
2026-08-25T07:01:06.0963030-05:00 [PHASE3B]       [5.1] PARTS                    PENDING           0 / 1           0.0%  batches=0
2026-08-25T07:01:06.0973064-05:00 [PHASE3B]       [5.2] SETS                     PENDING           0 / 1           0.0%  batches=0
2026-08-25T07:01:06.0973064-05:00 [PHASE3B]       [5.3] MINIFIGURES              PENDING           0 / 1           0.0%  batches=0
2026-08-25T07:01:06.0983038-05:00 [PHASE3B] 
2026-08-25T07:01:06.0993059-05:00 [PHASE3B] [6/6] FINALIZE_SOURCE_RUN
2026-08-25T07:01:06.1003051-05:00 [PHASE3B]       [6.1] VERIFY_COUNTS            PENDING           0 / 1           0.0%  batches=0
2026-08-25T07:01:06.1013036-05:00 [PHASE3B]       [6.2] COMPLETE_RUN             PENDING           0 / 1           0.0%  batches=0
2026-08-25T07:01:06.1013036-05:00 [PHASE3B] 
2026-08-25T07:01:06.1023030-05:00 [PHASE3B] [RUN] [1.3] VALIDATE_SOURCE_RUN / REFERENCE_LINKS 0/1 (  0.0%) batch=1
2026-08-25T07:01:06.7803151-05:00 [PHASE3B] [OK ] [1.3] REFERENCE_LINKS: 1/1 (100.0%) batches=1 elapsed=0.76s
2026-08-25T07:01:06.7813212-05:00 [PHASE3B] 
2026-08-25T07:01:06.7823217-05:00 [PHASE3B] -------------------------------------------------------------------------------
2026-08-25T07:01:06.7833217-05:00 [PHASE3B]  Durable Phase 3B checkpoint status
2026-08-25T07:01:06.7843207-05:00 [PHASE3B] -------------------------------------------------------------------------------
2026-08-25T07:01:06.7843207-05:00 [PHASE3B] 
2026-08-25T07:01:06.7853211-05:00 [PHASE3B] [1/6] VALIDATE_SOURCE_RUN
2026-08-25T07:01:06.7863192-05:00 [PHASE3B]       [1.1] RUN_CONTRACT             COMPLETED         1 / 1         100.0%  batches=1
2026-08-25T07:01:06.7873186-05:00 [PHASE3B]       [1.2] STAGED_COUNTS            COMPLETED         1 / 1         100.0%  batches=1
2026-08-25T07:01:06.7883188-05:00 [PHASE3B]       [1.3] REFERENCE_LINKS          COMPLETED         1 / 1         100.0%  batches=1
2026-08-25T07:01:06.7883188-05:00 [PHASE3B] 
2026-08-25T07:01:06.7893216-05:00 [PHASE3B] [2/6] RECONCILE_PARTS
2026-08-25T07:01:06.7903184-05:00 [PHASE3B]       [2.1] CATALOG_IDENTITIES       PENDING           0 / 64,347      0.0%  batches=0
2026-08-25T07:01:06.7913187-05:00 [PHASE3B]       [2.2] PART_ROWS                PENDING           0 / 64,347      0.0%  batches=0
2026-08-25T07:01:06.7923212-05:00 [PHASE3B]       [2.3] SOURCE_VALUES            PENDING           0 / 64,347      0.0%  batches=0
2026-08-25T07:01:06.7923212-05:00 [PHASE3B] 
2026-08-25T07:01:06.7933192-05:00 [PHASE3B] [3/6] RECONCILE_SETS
2026-08-25T07:01:06.7943199-05:00 [PHASE3B]       [3.1] CATALOG_IDENTITIES       PENDING           0 / 28,119      0.0%  batches=0
2026-08-25T07:01:06.7953213-05:00 [PHASE3B]       [3.2] SET_ROWS                 PENDING           0 / 28,119      0.0%  batches=0
2026-08-25T07:01:06.7953213-05:00 [PHASE3B]       [3.3] SOURCE_VALUES            PENDING           0 / 28,119      0.0%  batches=0
2026-08-25T07:01:06.7963216-05:00 [PHASE3B] 
2026-08-25T07:01:06.7973178-05:00 [PHASE3B] [4/6] RECONCILE_MINIFIGURES
2026-08-25T07:01:06.7973178-05:00 [PHASE3B]       [4.1] CATALOG_IDENTITIES       PENDING           0 / 17,162      0.0%  batches=0
2026-08-25T07:01:06.7983187-05:00 [PHASE3B]       [4.2] MINIFIGURE_ROWS          PENDING           0 / 17,162      0.0%  batches=0
2026-08-25T07:01:06.7993195-05:00 [PHASE3B]       [4.3] SOURCE_VALUES            PENDING           0 / 17,162      0.0%  batches=0
2026-08-25T07:01:06.8003196-05:00 [PHASE3B] 
2026-08-25T07:01:06.8003196-05:00 [PHASE3B] [5/6] SOURCE_PRESENCE
2026-08-25T07:01:06.8013192-05:00 [PHASE3B]       [5.1] PARTS                    PENDING           0 / 1           0.0%  batches=0
2026-08-25T07:01:06.8023187-05:00 [PHASE3B]       [5.2] SETS                     PENDING           0 / 1           0.0%  batches=0
2026-08-25T07:01:06.8033210-05:00 [PHASE3B]       [5.3] MINIFIGURES              PENDING           0 / 1           0.0%  batches=0
2026-08-25T07:01:06.8043213-05:00 [PHASE3B] 
2026-08-25T07:01:06.8043213-05:00 [PHASE3B] [6/6] FINALIZE_SOURCE_RUN
2026-08-25T07:01:06.8053214-05:00 [PHASE3B]       [6.1] VERIFY_COUNTS            PENDING           0 / 1           0.0%  batches=0
2026-08-25T07:01:06.8063185-05:00 [PHASE3B]       [6.2] COMPLETE_RUN             PENDING           0 / 1           0.0%  batches=0
2026-08-25T07:01:06.8073190-05:00 [PHASE3B] 
2026-08-25T07:01:06.8073190-05:00 [PHASE3B] [RUN] [2.1] RECONCILE_PARTS / CATALOG_IDENTITIES 0/64,347 (  0.0%) batch=1
2026-08-25T07:01:08.4801649-05:00 [PHASE3B] [OK ] [2.1] CATALOG_IDENTITIES: 5,000/64,347 (7.8%) batches=1 elapsed=1.70s
2026-08-25T07:01:08.4811631-05:00 [PHASE3B] [RUN] [2.1] RECONCILE_PARTS / CATALOG_IDENTITIES 5,000/64,347 (  7.8%) batch=2
2026-08-25T07:01:10.0224209-05:00 [PHASE3B] [OK ] [2.1] CATALOG_IDENTITIES: 10,000/64,347 (15.5%) batches=2 elapsed=1.54s
2026-08-25T07:01:10.0244210-05:00 [PHASE3B] [RUN] [2.1] RECONCILE_PARTS / CATALOG_IDENTITIES 10,000/64,347 ( 15.5%) batch=3
2026-08-25T07:01:11.5624235-05:00 [PHASE3B] [OK ] [2.1] CATALOG_IDENTITIES: 15,000/64,347 (23.3%) batches=3 elapsed=1.54s
2026-08-25T07:01:11.5634209-05:00 [PHASE3B] [RUN] [2.1] RECONCILE_PARTS / CATALOG_IDENTITIES 15,000/64,347 ( 23.3%) batch=4
2026-08-25T07:01:13.2386071-05:00 [PHASE3B] [OK ] [2.1] CATALOG_IDENTITIES: 20,000/64,347 (31.1%) batches=4 elapsed=1.68s
2026-08-25T07:01:13.2396080-05:00 [PHASE3B] [RUN] [2.1] RECONCILE_PARTS / CATALOG_IDENTITIES 20,000/64,347 ( 31.1%) batch=5
2026-08-25T07:01:15.0309990-05:00 [PHASE3B] [OK ] [2.1] CATALOG_IDENTITIES: 25,000/64,347 (38.9%) batches=5 elapsed=1.79s
2026-08-25T07:01:15.0329974-05:00 [PHASE3B] [RUN] [2.1] RECONCILE_PARTS / CATALOG_IDENTITIES 25,000/64,347 ( 38.9%) batch=6
2026-08-25T07:01:16.5878942-05:00 [PHASE3B] [OK ] [2.1] CATALOG_IDENTITIES: 30,000/64,347 (46.6%) batches=6 elapsed=1.56s
2026-08-25T07:01:16.5898967-05:00 [PHASE3B] [RUN] [2.1] RECONCILE_PARTS / CATALOG_IDENTITIES 30,000/64,347 ( 46.6%) batch=7
2026-08-25T07:01:17.9991072-05:00 [PHASE3B] [OK ] [2.1] CATALOG_IDENTITIES: 35,000/64,347 (54.4%) batches=7 elapsed=1.41s
2026-08-25T07:01:18.0001073-05:00 [PHASE3B] [RUN] [2.1] RECONCILE_PARTS / CATALOG_IDENTITIES 35,000/64,347 ( 54.4%) batch=8
2026-08-25T07:01:19.4690288-05:00 [PHASE3B] [OK ] [2.1] CATALOG_IDENTITIES: 40,000/64,347 (62.2%) batches=8 elapsed=1.47s
2026-08-25T07:01:19.4700298-05:00 [PHASE3B] [RUN] [2.1] RECONCILE_PARTS / CATALOG_IDENTITIES 40,000/64,347 ( 62.2%) batch=9
2026-08-25T07:01:21.0280364-05:00 [PHASE3B] [OK ] [2.1] CATALOG_IDENTITIES: 45,000/64,347 (69.9%) batches=9 elapsed=1.56s
2026-08-25T07:01:21.0290388-05:00 [PHASE3B] [RUN] [2.1] RECONCILE_PARTS / CATALOG_IDENTITIES 45,000/64,347 ( 69.9%) batch=10
2026-08-25T07:01:22.8081208-05:00 [PHASE3B] [OK ] [2.1] CATALOG_IDENTITIES: 50,000/64,347 (77.7%) batches=10 elapsed=1.78s
2026-08-25T07:01:22.8091238-05:00 [PHASE3B] [RUN] [2.1] RECONCILE_PARTS / CATALOG_IDENTITIES 50,000/64,347 ( 77.7%) batch=11
2026-08-25T07:01:24.4009022-05:00 [PHASE3B] [OK ] [2.1] CATALOG_IDENTITIES: 55,000/64,347 (85.5%) batches=11 elapsed=1.59s
2026-08-25T07:01:24.4019013-05:00 [PHASE3B] [RUN] [2.1] RECONCILE_PARTS / CATALOG_IDENTITIES 55,000/64,347 ( 85.5%) batch=12
2026-08-25T07:01:26.1866140-05:00 [PHASE3B] [OK ] [2.1] CATALOG_IDENTITIES: 60,000/64,347 (93.2%) batches=12 elapsed=1.79s
2026-08-25T07:01:26.1886128-05:00 [PHASE3B] [RUN] [2.1] RECONCILE_PARTS / CATALOG_IDENTITIES 60,000/64,347 ( 93.2%) batch=13
2026-08-25T07:01:27.9982001-05:00 [PHASE3B] [OK ] [2.1] CATALOG_IDENTITIES: 64,347/64,347 (100.0%) batches=13 elapsed=1.81s
2026-08-25T07:01:27.9992009-05:00 [PHASE3B] 
2026-08-25T07:01:28.0002000-05:00 [PHASE3B] -------------------------------------------------------------------------------
2026-08-25T07:01:28.0021995-05:00 [PHASE3B]  Durable Phase 3B checkpoint status
2026-08-25T07:01:28.0021995-05:00 [PHASE3B] -------------------------------------------------------------------------------
2026-08-25T07:01:28.0031997-05:00 [PHASE3B] 
2026-08-25T07:01:28.0041998-05:00 [PHASE3B] [1/6] VALIDATE_SOURCE_RUN
2026-08-25T07:01:28.0041998-05:00 [PHASE3B]       [1.1] RUN_CONTRACT             COMPLETED         1 / 1         100.0%  batches=1
2026-08-25T07:01:28.0051996-05:00 [PHASE3B]       [1.2] STAGED_COUNTS            COMPLETED         1 / 1         100.0%  batches=1
2026-08-25T07:01:28.0061998-05:00 [PHASE3B]       [1.3] REFERENCE_LINKS          COMPLETED         1 / 1         100.0%  batches=1
2026-08-25T07:01:28.0061998-05:00 [PHASE3B] 
2026-08-25T07:01:28.0072036-05:00 [PHASE3B] [2/6] RECONCILE_PARTS
2026-08-25T07:01:28.0081993-05:00 [PHASE3B]       [2.1] CATALOG_IDENTITIES       COMPLETED    64,347 / 64,347    100.0%  batches=13
2026-08-25T07:01:28.0081993-05:00 [PHASE3B]       [2.2] PART_ROWS                PENDING           0 / 64,347      0.0%  batches=0
2026-08-25T07:01:28.0091999-05:00 [PHASE3B]       [2.3] SOURCE_VALUES            PENDING           0 / 64,347      0.0%  batches=0
2026-08-25T07:01:28.0102009-05:00 [PHASE3B] 
2026-08-25T07:01:28.0112033-05:00 [PHASE3B] [3/6] RECONCILE_SETS
2026-08-25T07:01:28.0122016-05:00 [PHASE3B]       [3.1] CATALOG_IDENTITIES       PENDING           0 / 28,119      0.0%  batches=0
2026-08-25T07:01:28.0131993-05:00 [PHASE3B]       [3.2] SET_ROWS                 PENDING           0 / 28,119      0.0%  batches=0
2026-08-25T07:01:28.0131993-05:00 [PHASE3B]       [3.3] SOURCE_VALUES            PENDING           0 / 28,119      0.0%  batches=0
2026-08-25T07:01:28.0141992-05:00 [PHASE3B] 
2026-08-25T07:01:28.0151997-05:00 [PHASE3B] [4/6] RECONCILE_MINIFIGURES
2026-08-25T07:01:28.0151997-05:00 [PHASE3B]       [4.1] CATALOG_IDENTITIES       PENDING           0 / 17,162      0.0%  batches=0
2026-08-25T07:01:28.0162015-05:00 [PHASE3B]       [4.2] MINIFIGURE_ROWS          PENDING           0 / 17,162      0.0%  batches=0
2026-08-25T07:01:28.0171999-05:00 [PHASE3B]       [4.3] SOURCE_VALUES            PENDING           0 / 17,162      0.0%  batches=0
2026-08-25T07:01:28.0171999-05:00 [PHASE3B] 
2026-08-25T07:01:28.0181998-05:00 [PHASE3B] [5/6] SOURCE_PRESENCE
2026-08-25T07:01:28.0192013-05:00 [PHASE3B]       [5.1] PARTS                    PENDING           0 / 1           0.0%  batches=0
2026-08-25T07:01:28.0202019-05:00 [PHASE3B]       [5.2] SETS                     PENDING           0 / 1           0.0%  batches=0
2026-08-25T07:01:28.0202019-05:00 [PHASE3B]       [5.3] MINIFIGURES              PENDING           0 / 1           0.0%  batches=0
2026-08-25T07:01:28.0212002-05:00 [PHASE3B] 
2026-08-25T07:01:28.0222017-05:00 [PHASE3B] [6/6] FINALIZE_SOURCE_RUN
2026-08-25T07:01:28.0231992-05:00 [PHASE3B]       [6.1] VERIFY_COUNTS            PENDING           0 / 1           0.0%  batches=0
2026-08-25T07:01:28.0231992-05:00 [PHASE3B]       [6.2] COMPLETE_RUN             PENDING           0 / 1           0.0%  batches=0
2026-08-25T07:01:28.0241991-05:00 [PHASE3B] 
2026-08-25T07:01:28.0251998-05:00 [PHASE3B] [RUN] [2.2] RECONCILE_PARTS / PART_ROWS 0/64,347 (  0.0%) batch=1
2026-08-25T07:01:28.1261993-05:00 [PHASE3B] [OK ] [2.2] PART_ROWS: 5,000/64,347 (7.8%) batches=1 elapsed=0.13s
2026-08-25T07:01:28.1272005-05:00 [PHASE3B] [RUN] [2.2] RECONCILE_PARTS / PART_ROWS 5,000/64,347 (  7.8%) batch=2
2026-08-25T07:01:28.2352034-05:00 [PHASE3B] [OK ] [2.2] PART_ROWS: 10,000/64,347 (15.5%) batches=2 elapsed=0.11s
2026-08-25T07:01:28.2362003-05:00 [PHASE3B] [RUN] [2.2] RECONCILE_PARTS / PART_ROWS 10,000/64,347 ( 15.5%) batch=3
2026-08-25T07:01:28.3451992-05:00 [PHASE3B] [OK ] [2.2] PART_ROWS: 15,000/64,347 (23.3%) batches=3 elapsed=0.11s
2026-08-25T07:01:28.3461993-05:00 [PHASE3B] [RUN] [2.2] RECONCILE_PARTS / PART_ROWS 15,000/64,347 ( 23.3%) batch=4
2026-08-25T07:01:28.4531999-05:00 [PHASE3B] [OK ] [2.2] PART_ROWS: 20,000/64,347 (31.1%) batches=4 elapsed=0.11s
2026-08-25T07:01:28.4542016-05:00 [PHASE3B] [RUN] [2.2] RECONCILE_PARTS / PART_ROWS 20,000/64,347 ( 31.1%) batch=5
2026-08-25T07:01:28.5662008-05:00 [PHASE3B] [OK ] [2.2] PART_ROWS: 25,000/64,347 (38.9%) batches=5 elapsed=0.11s
2026-08-25T07:01:28.5671999-05:00 [PHASE3B] [RUN] [2.2] RECONCILE_PARTS / PART_ROWS 25,000/64,347 ( 38.9%) batch=6
2026-08-25T07:01:28.6731990-05:00 [PHASE3B] [OK ] [2.2] PART_ROWS: 30,000/64,347 (46.6%) batches=6 elapsed=0.11s
2026-08-25T07:01:28.6752008-05:00 [PHASE3B] [RUN] [2.2] RECONCILE_PARTS / PART_ROWS 30,000/64,347 ( 46.6%) batch=7
2026-08-25T07:01:28.7851995-05:00 [PHASE3B] [OK ] [2.2] PART_ROWS: 35,000/64,347 (54.4%) batches=7 elapsed=0.11s
2026-08-25T07:01:28.7861991-05:00 [PHASE3B] [RUN] [2.2] RECONCILE_PARTS / PART_ROWS 35,000/64,347 ( 54.4%) batch=8
2026-08-25T07:01:28.9012112-05:00 [PHASE3B] [OK ] [2.2] PART_ROWS: 40,000/64,347 (62.2%) batches=8 elapsed=0.12s
2026-08-25T07:01:28.9022108-05:00 [PHASE3B] [RUN] [2.2] RECONCILE_PARTS / PART_ROWS 40,000/64,347 ( 62.2%) batch=9
2026-08-25T07:01:29.0042109-05:00 [PHASE3B] [OK ] [2.2] PART_ROWS: 45,000/64,347 (69.9%) batches=9 elapsed=0.10s
2026-08-25T07:01:29.0052154-05:00 [PHASE3B] [RUN] [2.2] RECONCILE_PARTS / PART_ROWS 45,000/64,347 ( 69.9%) batch=10
2026-08-25T07:01:29.1212105-05:00 [PHASE3B] [OK ] [2.2] PART_ROWS: 50,000/64,347 (77.7%) batches=10 elapsed=0.12s
2026-08-25T07:01:29.1232115-05:00 [PHASE3B] [RUN] [2.2] RECONCILE_PARTS / PART_ROWS 50,000/64,347 ( 77.7%) batch=11
2026-08-25T07:01:29.2292142-05:00 [PHASE3B] [OK ] [2.2] PART_ROWS: 55,000/64,347 (85.5%) batches=11 elapsed=0.11s
2026-08-25T07:01:29.2302114-05:00 [PHASE3B] [RUN] [2.2] RECONCILE_PARTS / PART_ROWS 55,000/64,347 ( 85.5%) batch=12
2026-08-25T07:01:29.3432113-05:00 [PHASE3B] [OK ] [2.2] PART_ROWS: 60,000/64,347 (93.2%) batches=12 elapsed=0.11s
2026-08-25T07:01:29.3442111-05:00 [PHASE3B] [RUN] [2.2] RECONCILE_PARTS / PART_ROWS 60,000/64,347 ( 93.2%) batch=13
2026-08-25T07:01:29.4392111-05:00 [PHASE3B] [OK ] [2.2] PART_ROWS: 64,347/64,347 (100.0%) batches=13 elapsed=0.10s
2026-08-25T07:01:29.4402120-05:00 [PHASE3B] 
2026-08-25T07:01:29.4412109-05:00 [PHASE3B] -------------------------------------------------------------------------------
2026-08-25T07:01:29.4422111-05:00 [PHASE3B]  Durable Phase 3B checkpoint status
2026-08-25T07:01:29.4422111-05:00 [PHASE3B] -------------------------------------------------------------------------------
2026-08-25T07:01:29.4432118-05:00 [PHASE3B] 
2026-08-25T07:01:29.4442111-05:00 [PHASE3B] [1/6] VALIDATE_SOURCE_RUN
2026-08-25T07:01:29.4452110-05:00 [PHASE3B]       [1.1] RUN_CONTRACT             COMPLETED         1 / 1         100.0%  batches=1
2026-08-25T07:01:29.4462112-05:00 [PHASE3B]       [1.2] STAGED_COUNTS            COMPLETED         1 / 1         100.0%  batches=1
2026-08-25T07:01:29.4462112-05:00 [PHASE3B]       [1.3] REFERENCE_LINKS          COMPLETED         1 / 1         100.0%  batches=1
2026-08-25T07:01:29.4472112-05:00 [PHASE3B] 
2026-08-25T07:01:29.4482117-05:00 [PHASE3B] [2/6] RECONCILE_PARTS
2026-08-25T07:01:29.4492114-05:00 [PHASE3B]       [2.1] CATALOG_IDENTITIES       COMPLETED    64,347 / 64,347    100.0%  batches=13
2026-08-25T07:01:29.4492114-05:00 [PHASE3B]       [2.2] PART_ROWS                COMPLETED    64,347 / 64,347    100.0%  batches=13
2026-08-25T07:01:29.4502121-05:00 [PHASE3B]       [2.3] SOURCE_VALUES            PENDING           0 / 64,347      0.0%  batches=0
2026-08-25T07:01:29.4512116-05:00 [PHASE3B] 
2026-08-25T07:01:29.4522147-05:00 [PHASE3B] [3/6] RECONCILE_SETS
2026-08-25T07:01:29.4522147-05:00 [PHASE3B]       [3.1] CATALOG_IDENTITIES       PENDING           0 / 28,119      0.0%  batches=0
2026-08-25T07:01:29.4532110-05:00 [PHASE3B]       [3.2] SET_ROWS                 PENDING           0 / 28,119      0.0%  batches=0
2026-08-25T07:01:29.4542113-05:00 [PHASE3B]       [3.3] SOURCE_VALUES            PENDING           0 / 28,119      0.0%  batches=0
2026-08-25T07:01:29.4552109-05:00 [PHASE3B] 
2026-08-25T07:01:29.4622141-05:00 [PHASE3B] [4/6] RECONCILE_MINIFIGURES
2026-08-25T07:01:29.4632117-05:00 [PHASE3B]       [4.1] CATALOG_IDENTITIES       PENDING           0 / 17,162      0.0%  batches=0
2026-08-25T07:01:29.4642106-05:00 [PHASE3B]       [4.2] MINIFIGURE_ROWS          PENDING           0 / 17,162      0.0%  batches=0
2026-08-25T07:01:29.4652111-05:00 [PHASE3B]       [4.3] SOURCE_VALUES            PENDING           0 / 17,162      0.0%  batches=0
2026-08-25T07:01:29.4652111-05:00 [PHASE3B] 
2026-08-25T07:01:29.4662146-05:00 [PHASE3B] [5/6] SOURCE_PRESENCE
2026-08-25T07:01:29.4672111-05:00 [PHASE3B]       [5.1] PARTS                    PENDING           0 / 1           0.0%  batches=0
2026-08-25T07:01:29.4672111-05:00 [PHASE3B]       [5.2] SETS                     PENDING           0 / 1           0.0%  batches=0
2026-08-25T07:01:29.4682106-05:00 [PHASE3B]       [5.3] MINIFIGURES              PENDING           0 / 1           0.0%  batches=0
2026-08-25T07:01:29.4692117-05:00 [PHASE3B] 
2026-08-25T07:01:29.4702112-05:00 [PHASE3B] [6/6] FINALIZE_SOURCE_RUN
2026-08-25T07:01:29.4712106-05:00 [PHASE3B]       [6.1] VERIFY_COUNTS            PENDING           0 / 1           0.0%  batches=0
2026-08-25T07:01:29.4712106-05:00 [PHASE3B]       [6.2] COMPLETE_RUN             PENDING           0 / 1           0.0%  batches=0
2026-08-25T07:01:29.4722135-05:00 [PHASE3B] 
2026-08-25T07:01:29.4732115-05:00 [PHASE3B] [RUN] [2.3] RECONCILE_PARTS / SOURCE_VALUES 0/64,347 (  0.0%) batch=1
2026-08-25T07:01:29.8432124-05:00 [PHASE3B] [OK ] [2.3] SOURCE_VALUES: 5,000/64,347 (7.8%) batches=1 elapsed=0.40s
2026-08-25T07:01:29.8442143-05:00 [PHASE3B] [RUN] [2.3] RECONCILE_PARTS / SOURCE_VALUES 5,000/64,347 (  7.8%) batch=2
2026-08-25T07:01:30.2067990-05:00 [PHASE3B] [OK ] [2.3] SOURCE_VALUES: 10,000/64,347 (15.5%) batches=2 elapsed=0.36s
2026-08-25T07:01:30.2077955-05:00 [PHASE3B] [RUN] [2.3] RECONCILE_PARTS / SOURCE_VALUES 10,000/64,347 ( 15.5%) batch=3
2026-08-25T07:01:30.6397963-05:00 [PHASE3B] [OK ] [2.3] SOURCE_VALUES: 15,000/64,347 (23.3%) batches=3 elapsed=0.43s
2026-08-25T07:01:30.6417955-05:00 [PHASE3B] [RUN] [2.3] RECONCILE_PARTS / SOURCE_VALUES 15,000/64,347 ( 23.3%) batch=4
2026-08-25T07:01:31.0557956-05:00 [PHASE3B] [OK ] [2.3] SOURCE_VALUES: 20,000/64,347 (31.1%) batches=4 elapsed=0.42s
2026-08-25T07:01:31.0567955-05:00 [PHASE3B] [RUN] [2.3] RECONCILE_PARTS / SOURCE_VALUES 20,000/64,347 ( 31.1%) batch=5
2026-08-25T07:01:31.4801260-05:00 [PHASE3B] [OK ] [2.3] SOURCE_VALUES: 25,000/64,347 (38.9%) batches=5 elapsed=0.42s
2026-08-25T07:01:31.4811261-05:00 [PHASE3B] [RUN] [2.3] RECONCILE_PARTS / SOURCE_VALUES 25,000/64,347 ( 38.9%) batch=6
2026-08-25T07:01:31.9591434-05:00 [PHASE3B] [OK ] [2.3] SOURCE_VALUES: 30,000/64,347 (46.6%) batches=6 elapsed=0.48s
2026-08-25T07:01:31.9601417-05:00 [PHASE3B] [RUN] [2.3] RECONCILE_PARTS / SOURCE_VALUES 30,000/64,347 ( 46.6%) batch=7
2026-08-25T07:01:32.4091536-05:00 [PHASE3B] [OK ] [2.3] SOURCE_VALUES: 35,000/64,347 (54.4%) batches=7 elapsed=0.45s
2026-08-25T07:01:32.4101507-05:00 [PHASE3B] [RUN] [2.3] RECONCILE_PARTS / SOURCE_VALUES 35,000/64,347 ( 54.4%) batch=8
2026-08-25T07:01:32.8395951-05:00 [PHASE3B] [OK ] [2.3] SOURCE_VALUES: 40,000/64,347 (62.2%) batches=8 elapsed=0.43s
2026-08-25T07:01:32.8405956-05:00 [PHASE3B] [RUN] [2.3] RECONCILE_PARTS / SOURCE_VALUES 40,000/64,347 ( 62.2%) batch=9
2026-08-25T07:01:33.3051190-05:00 [PHASE3B] [OK ] [2.3] SOURCE_VALUES: 45,000/64,347 (69.9%) batches=9 elapsed=0.47s
2026-08-25T07:01:33.3071150-05:00 [PHASE3B] [RUN] [2.3] RECONCILE_PARTS / SOURCE_VALUES 45,000/64,347 ( 69.9%) batch=10
2026-08-25T07:01:33.7650763-05:00 [PHASE3B] [OK ] [2.3] SOURCE_VALUES: 50,000/64,347 (77.7%) batches=10 elapsed=0.46s
2026-08-25T07:01:33.7660757-05:00 [PHASE3B] [RUN] [2.3] RECONCILE_PARTS / SOURCE_VALUES 50,000/64,347 ( 77.7%) batch=11
2026-08-25T07:01:34.2587825-05:00 [PHASE3B] [OK ] [2.3] SOURCE_VALUES: 55,000/64,347 (85.5%) batches=11 elapsed=0.49s
2026-08-25T07:01:34.2597838-05:00 [PHASE3B] [RUN] [2.3] RECONCILE_PARTS / SOURCE_VALUES 55,000/64,347 ( 85.5%) batch=12
2026-08-25T07:01:34.8487685-05:00 [PHASE3B] [OK ] [2.3] SOURCE_VALUES: 60,000/64,347 (93.2%) batches=12 elapsed=0.59s
2026-08-25T07:01:34.8497679-05:00 [PHASE3B] [RUN] [2.3] RECONCILE_PARTS / SOURCE_VALUES 60,000/64,347 ( 93.2%) batch=13
2026-08-25T07:01:35.3796142-05:00 [PHASE3B] [OK ] [2.3] SOURCE_VALUES: 64,347/64,347 (100.0%) batches=13 elapsed=0.53s
2026-08-25T07:01:35.3806149-05:00 [PHASE3B] 
2026-08-25T07:01:35.3816179-05:00 [PHASE3B] -------------------------------------------------------------------------------
2026-08-25T07:01:35.3826147-05:00 [PHASE3B]  Durable Phase 3B checkpoint status
2026-08-25T07:01:35.3826147-05:00 [PHASE3B] -------------------------------------------------------------------------------
2026-08-25T07:01:35.3836152-05:00 [PHASE3B] 
2026-08-25T07:01:35.3846145-05:00 [PHASE3B] [1/6] VALIDATE_SOURCE_RUN
2026-08-25T07:01:35.3856150-05:00 [PHASE3B]       [1.1] RUN_CONTRACT             COMPLETED         1 / 1         100.0%  batches=1
2026-08-25T07:01:35.3866140-05:00 [PHASE3B]       [1.2] STAGED_COUNTS            COMPLETED         1 / 1         100.0%  batches=1
2026-08-25T07:01:35.3866140-05:00 [PHASE3B]       [1.3] REFERENCE_LINKS          COMPLETED         1 / 1         100.0%  batches=1
2026-08-25T07:01:35.3876138-05:00 [PHASE3B] 
2026-08-25T07:01:35.3886139-05:00 [PHASE3B] [2/6] RECONCILE_PARTS
2026-08-25T07:01:35.3886139-05:00 [PHASE3B]       [2.1] CATALOG_IDENTITIES       COMPLETED    64,347 / 64,347    100.0%  batches=13
2026-08-25T07:01:35.3896168-05:00 [PHASE3B]       [2.2] PART_ROWS                COMPLETED    64,347 / 64,347    100.0%  batches=13
2026-08-25T07:01:35.3906139-05:00 [PHASE3B]       [2.3] SOURCE_VALUES            COMPLETED    64,347 / 64,347    100.0%  batches=13
2026-08-25T07:01:35.3906139-05:00 [PHASE3B] 
2026-08-25T07:01:35.3916143-05:00 [PHASE3B] [3/6] RECONCILE_SETS
2026-08-25T07:01:35.3926135-05:00 [PHASE3B]       [3.1] CATALOG_IDENTITIES       PENDING           0 / 28,119      0.0%  batches=0
2026-08-25T07:01:35.3936158-05:00 [PHASE3B]       [3.2] SET_ROWS                 PENDING           0 / 28,119      0.0%  batches=0
2026-08-25T07:01:35.3936158-05:00 [PHASE3B]       [3.3] SOURCE_VALUES            PENDING           0 / 28,119      0.0%  batches=0
2026-08-25T07:01:35.3946150-05:00 [PHASE3B] 
2026-08-25T07:01:35.3956148-05:00 [PHASE3B] [4/6] RECONCILE_MINIFIGURES
2026-08-25T07:01:35.3956148-05:00 [PHASE3B]       [4.1] CATALOG_IDENTITIES       PENDING           0 / 17,162      0.0%  batches=0
2026-08-25T07:01:35.3966141-05:00 [PHASE3B]       [4.2] MINIFIGURE_ROWS          PENDING           0 / 17,162      0.0%  batches=0
2026-08-25T07:01:35.3976136-05:00 [PHASE3B]       [4.3] SOURCE_VALUES            PENDING           0 / 17,162      0.0%  batches=0
2026-08-25T07:01:35.3986140-05:00 [PHASE3B] 
2026-08-25T07:01:35.3986140-05:00 [PHASE3B] [5/6] SOURCE_PRESENCE
2026-08-25T07:01:35.3996147-05:00 [PHASE3B]       [5.1] PARTS                    PENDING           0 / 1           0.0%  batches=0
2026-08-25T07:01:35.4006143-05:00 [PHASE3B]       [5.2] SETS                     PENDING           0 / 1           0.0%  batches=0
2026-08-25T07:01:35.4006143-05:00 [PHASE3B]       [5.3] MINIFIGURES              PENDING           0 / 1           0.0%  batches=0
2026-08-25T07:01:35.4016139-05:00 [PHASE3B] 
2026-08-25T07:01:35.4026152-05:00 [PHASE3B] [6/6] FINALIZE_SOURCE_RUN
2026-08-25T07:01:35.4036147-05:00 [PHASE3B]       [6.1] VERIFY_COUNTS            PENDING           0 / 1           0.0%  batches=0
2026-08-25T07:01:35.4036147-05:00 [PHASE3B]       [6.2] COMPLETE_RUN             PENDING           0 / 1           0.0%  batches=0
2026-08-25T07:01:35.4046141-05:00 [PHASE3B] 
2026-08-25T07:01:35.4056139-05:00 [PHASE3B] [RUN] [3.1] RECONCILE_SETS / CATALOG_IDENTITIES 0/28,119 (  0.0%) batch=1
2026-08-25T07:01:40.7495697-05:00 [PHASE3B] [OK ] [3.1] CATALOG_IDENTITIES: 5,000/28,119 (17.8%) batches=1 elapsed=5.37s
2026-08-25T07:01:40.7505695-05:00 [PHASE3B] [RUN] [3.1] RECONCILE_SETS / CATALOG_IDENTITIES 5,000/28,119 ( 17.8%) batch=2
2026-08-25T07:01:42.2250094-05:00 [PHASE3B] [OK ] [3.1] CATALOG_IDENTITIES: 10,000/28,119 (35.6%) batches=2 elapsed=1.47s
2026-08-25T07:01:42.2270094-05:00 [PHASE3B] [RUN] [3.1] RECONCILE_SETS / CATALOG_IDENTITIES 10,000/28,119 ( 35.6%) batch=3
2026-08-25T07:01:43.7221112-05:00 [PHASE3B] [OK ] [3.1] CATALOG_IDENTITIES: 15,000/28,119 (53.3%) batches=3 elapsed=1.50s
2026-08-25T07:01:43.7231131-05:00 [PHASE3B] [RUN] [3.1] RECONCILE_SETS / CATALOG_IDENTITIES 15,000/28,119 ( 53.3%) batch=4
2026-08-25T07:01:45.2269132-05:00 [PHASE3B] [OK ] [3.1] CATALOG_IDENTITIES: 20,000/28,119 (71.1%) batches=4 elapsed=1.50s
2026-08-25T07:01:45.2289139-05:00 [PHASE3B] [RUN] [3.1] RECONCILE_SETS / CATALOG_IDENTITIES 20,000/28,119 ( 71.1%) batch=5
2026-08-25T07:01:46.8499134-05:00 [PHASE3B] [OK ] [3.1] CATALOG_IDENTITIES: 25,000/28,119 (88.9%) batches=5 elapsed=1.62s
2026-08-25T07:01:46.8519132-05:00 [PHASE3B] [RUN] [3.1] RECONCILE_SETS / CATALOG_IDENTITIES 25,000/28,119 ( 88.9%) batch=6
2026-08-25T07:01:47.7509128-05:00 [PHASE3B] [OK ] [3.1] CATALOG_IDENTITIES: 28,119/28,119 (100.0%) batches=6 elapsed=0.90s
2026-08-25T07:01:47.7519124-05:00 [PHASE3B] 
2026-08-25T07:01:47.7529131-05:00 [PHASE3B] -------------------------------------------------------------------------------
2026-08-25T07:01:47.7539125-05:00 [PHASE3B]  Durable Phase 3B checkpoint status
2026-08-25T07:01:47.7549135-05:00 [PHASE3B] -------------------------------------------------------------------------------
2026-08-25T07:01:47.7559124-05:00 [PHASE3B] 
2026-08-25T07:01:47.7559124-05:00 [PHASE3B] [1/6] VALIDATE_SOURCE_RUN
2026-08-25T07:01:47.7569123-05:00 [PHASE3B]       [1.1] RUN_CONTRACT             COMPLETED         1 / 1         100.0%  batches=1
2026-08-25T07:01:47.7579123-05:00 [PHASE3B]       [1.2] STAGED_COUNTS            COMPLETED         1 / 1         100.0%  batches=1
2026-08-25T07:01:47.7589127-05:00 [PHASE3B]       [1.3] REFERENCE_LINKS          COMPLETED         1 / 1         100.0%  batches=1
2026-08-25T07:01:47.7599123-05:00 [PHASE3B] 
2026-08-25T07:01:47.7609131-05:00 [PHASE3B] [2/6] RECONCILE_PARTS
2026-08-25T07:01:47.7609131-05:00 [PHASE3B]       [2.1] CATALOG_IDENTITIES       COMPLETED    64,347 / 64,347    100.0%  batches=13
2026-08-25T07:01:47.7619125-05:00 [PHASE3B]       [2.2] PART_ROWS                COMPLETED    64,347 / 64,347    100.0%  batches=13
2026-08-25T07:01:47.7629123-05:00 [PHASE3B]       [2.3] SOURCE_VALUES            COMPLETED    64,347 / 64,347    100.0%  batches=13
2026-08-25T07:01:47.7639123-05:00 [PHASE3B] 
2026-08-25T07:01:47.7649141-05:00 [PHASE3B] [3/6] RECONCILE_SETS
2026-08-25T07:01:47.7649141-05:00 [PHASE3B]       [3.1] CATALOG_IDENTITIES       COMPLETED    28,119 / 28,119    100.0%  batches=6
2026-08-25T07:01:47.7659142-05:00 [PHASE3B]       [3.2] SET_ROWS                 PENDING           0 / 28,119      0.0%  batches=0
2026-08-25T07:01:47.7669145-05:00 [PHASE3B]       [3.3] SOURCE_VALUES            PENDING           0 / 28,119      0.0%  batches=0
2026-08-25T07:01:47.7679138-05:00 [PHASE3B] 
2026-08-25T07:01:47.7689147-05:00 [PHASE3B] [4/6] RECONCILE_MINIFIGURES
2026-08-25T07:01:47.7699128-05:00 [PHASE3B]       [4.1] CATALOG_IDENTITIES       PENDING           0 / 17,162      0.0%  batches=0
2026-08-25T07:01:47.7709128-05:00 [PHASE3B]       [4.2] MINIFIGURE_ROWS          PENDING           0 / 17,162      0.0%  batches=0
2026-08-25T07:01:47.7709128-05:00 [PHASE3B]       [4.3] SOURCE_VALUES            PENDING           0 / 17,162      0.0%  batches=0
2026-08-25T07:01:47.7719125-05:00 [PHASE3B] 
2026-08-25T07:01:47.7729126-05:00 [PHASE3B] [5/6] SOURCE_PRESENCE
2026-08-25T07:01:47.7739144-05:00 [PHASE3B]       [5.1] PARTS                    PENDING           0 / 1           0.0%  batches=0
2026-08-25T07:01:47.7749138-05:00 [PHASE3B]       [5.2] SETS                     PENDING           0 / 1           0.0%  batches=0
2026-08-25T07:01:47.7759141-05:00 [PHASE3B]       [5.3] MINIFIGURES              PENDING           0 / 1           0.0%  batches=0
2026-08-25T07:01:47.7769124-05:00 [PHASE3B] 
2026-08-25T07:01:47.7769124-05:00 [PHASE3B] [6/6] FINALIZE_SOURCE_RUN
2026-08-25T07:01:47.7779131-05:00 [PHASE3B]       [6.1] VERIFY_COUNTS            PENDING           0 / 1           0.0%  batches=0
2026-08-25T07:01:47.7789158-05:00 [PHASE3B]       [6.2] COMPLETE_RUN             PENDING           0 / 1           0.0%  batches=0
2026-08-25T07:01:47.7799161-05:00 [PHASE3B] 
2026-08-25T07:01:47.7809142-05:00 [PHASE3B] [RUN] [3.2] RECONCILE_SETS / SET_ROWS 0/28,119 (  0.0%) batch=1
2026-08-25T07:01:47.8729135-05:00 [PHASE3B] [OK ] [3.2] SET_ROWS: 5,000/28,119 (17.8%) batches=1 elapsed=0.12s
2026-08-25T07:01:47.8739135-05:00 [PHASE3B] [RUN] [3.2] RECONCILE_SETS / SET_ROWS 5,000/28,119 ( 17.8%) batch=2
2026-08-25T07:01:47.9929121-05:00 [PHASE3B] [OK ] [3.2] SET_ROWS: 10,000/28,119 (35.6%) batches=2 elapsed=0.12s
2026-08-25T07:01:47.9949126-05:00 [PHASE3B] [RUN] [3.2] RECONCILE_SETS / SET_ROWS 10,000/28,119 ( 35.6%) batch=3
2026-08-25T07:01:48.1229126-05:00 [PHASE3B] [OK ] [3.2] SET_ROWS: 15,000/28,119 (53.3%) batches=3 elapsed=0.13s
2026-08-25T07:01:48.1249126-05:00 [PHASE3B] [RUN] [3.2] RECONCILE_SETS / SET_ROWS 15,000/28,119 ( 53.3%) batch=4
2026-08-25T07:01:48.2389145-05:00 [PHASE3B] [OK ] [3.2] SET_ROWS: 20,000/28,119 (71.1%) batches=4 elapsed=0.12s
2026-08-25T07:01:48.2409144-05:00 [PHASE3B] [RUN] [3.2] RECONCILE_SETS / SET_ROWS 20,000/28,119 ( 71.1%) batch=5
2026-08-25T07:01:48.3529127-05:00 [PHASE3B] [OK ] [3.2] SET_ROWS: 25,000/28,119 (88.9%) batches=5 elapsed=0.11s
2026-08-25T07:01:48.3539123-05:00 [PHASE3B] [RUN] [3.2] RECONCILE_SETS / SET_ROWS 25,000/28,119 ( 88.9%) batch=6
2026-08-25T07:01:48.4229166-05:00 [PHASE3B] [OK ] [3.2] SET_ROWS: 28,119/28,119 (100.0%) batches=6 elapsed=0.07s
2026-08-25T07:01:48.4249143-05:00 [PHASE3B] 
2026-08-25T07:01:48.4249143-05:00 [PHASE3B] -------------------------------------------------------------------------------
2026-08-25T07:01:48.4259134-05:00 [PHASE3B]  Durable Phase 3B checkpoint status
2026-08-25T07:01:48.4269151-05:00 [PHASE3B] -------------------------------------------------------------------------------
2026-08-25T07:01:48.4279159-05:00 [PHASE3B] 
2026-08-25T07:01:48.4289143-05:00 [PHASE3B] [1/6] VALIDATE_SOURCE_RUN
2026-08-25T07:01:48.4299146-05:00 [PHASE3B]       [1.1] RUN_CONTRACT             COMPLETED         1 / 1         100.0%  batches=1
2026-08-25T07:01:48.4309123-05:00 [PHASE3B]       [1.2] STAGED_COUNTS            COMPLETED         1 / 1         100.0%  batches=1
2026-08-25T07:01:48.4319132-05:00 [PHASE3B]       [1.3] REFERENCE_LINKS          COMPLETED         1 / 1         100.0%  batches=1
2026-08-25T07:01:48.4329129-05:00 [PHASE3B] 
2026-08-25T07:01:48.4339127-05:00 [PHASE3B] [2/6] RECONCILE_PARTS
2026-08-25T07:01:48.4349151-05:00 [PHASE3B]       [2.1] CATALOG_IDENTITIES       COMPLETED    64,347 / 64,347    100.0%  batches=13
2026-08-25T07:01:48.4349151-05:00 [PHASE3B]       [2.2] PART_ROWS                COMPLETED    64,347 / 64,347    100.0%  batches=13
2026-08-25T07:01:48.4359144-05:00 [PHASE3B]       [2.3] SOURCE_VALUES            COMPLETED    64,347 / 64,347    100.0%  batches=13
2026-08-25T07:01:48.4369144-05:00 [PHASE3B] 
2026-08-25T07:01:48.4379151-05:00 [PHASE3B] [3/6] RECONCILE_SETS
2026-08-25T07:01:48.4389132-05:00 [PHASE3B]       [3.1] CATALOG_IDENTITIES       COMPLETED    28,119 / 28,119    100.0%  batches=6
2026-08-25T07:01:48.4399128-05:00 [PHASE3B]       [3.2] SET_ROWS                 COMPLETED    28,119 / 28,119    100.0%  batches=6
2026-08-25T07:01:48.4409132-05:00 [PHASE3B]       [3.3] SOURCE_VALUES            PENDING           0 / 28,119      0.0%  batches=0
2026-08-25T07:01:48.4419130-05:00 [PHASE3B] 
2026-08-25T07:01:48.4419130-05:00 [PHASE3B] [4/6] RECONCILE_MINIFIGURES
2026-08-25T07:01:48.4429126-05:00 [PHASE3B]       [4.1] CATALOG_IDENTITIES       PENDING           0 / 17,162      0.0%  batches=0
2026-08-25T07:01:48.4439156-05:00 [PHASE3B]       [4.2] MINIFIGURE_ROWS          PENDING           0 / 17,162      0.0%  batches=0
2026-08-25T07:01:48.4459128-05:00 [PHASE3B]       [4.3] SOURCE_VALUES            PENDING           0 / 17,162      0.0%  batches=0
2026-08-25T07:01:48.4469143-05:00 [PHASE3B] 
2026-08-25T07:01:48.4469143-05:00 [PHASE3B] [5/6] SOURCE_PRESENCE
2026-08-25T07:01:48.4479130-05:00 [PHASE3B]       [5.1] PARTS                    PENDING           0 / 1           0.0%  batches=0
2026-08-25T07:01:48.4489124-05:00 [PHASE3B]       [5.2] SETS                     PENDING           0 / 1           0.0%  batches=0
2026-08-25T07:01:48.4499122-05:00 [PHASE3B]       [5.3] MINIFIGURES              PENDING           0 / 1           0.0%  batches=0
2026-08-25T07:01:48.4509123-05:00 [PHASE3B] 
2026-08-25T07:01:48.4519133-05:00 [PHASE3B] [6/6] FINALIZE_SOURCE_RUN
2026-08-25T07:01:48.4529128-05:00 [PHASE3B]       [6.1] VERIFY_COUNTS            PENDING           0 / 1           0.0%  batches=0
2026-08-25T07:01:48.4539142-05:00 [PHASE3B]       [6.2] COMPLETE_RUN             PENDING           0 / 1           0.0%  batches=0
2026-08-25T07:01:48.4539142-05:00 [PHASE3B] 
2026-08-25T07:01:48.4549128-05:00 [PHASE3B] [RUN] [3.3] RECONCILE_SETS / SOURCE_VALUES 0/28,119 (  0.0%) batch=1
2026-08-25T07:01:49.1699138-05:00 [PHASE3B] [OK ] [3.3] SOURCE_VALUES: 5,000/28,119 (17.8%) batches=1 elapsed=0.75s
2026-08-25T07:01:49.1709123-05:00 [PHASE3B] [RUN] [3.3] RECONCILE_SETS / SOURCE_VALUES 5,000/28,119 ( 17.8%) batch=2
2026-08-25T07:01:49.9379389-05:00 [PHASE3B] [OK ] [3.3] SOURCE_VALUES: 10,000/28,119 (35.6%) batches=2 elapsed=0.77s
2026-08-25T07:01:49.9399393-05:00 [PHASE3B] [RUN] [3.3] RECONCILE_SETS / SOURCE_VALUES 10,000/28,119 ( 35.6%) batch=3
2026-08-25T07:01:50.7021116-05:00 [PHASE3B] [OK ] [3.3] SOURCE_VALUES: 15,000/28,119 (53.3%) batches=3 elapsed=0.76s
2026-08-25T07:01:50.7041120-05:00 [PHASE3B] [RUN] [3.3] RECONCILE_SETS / SOURCE_VALUES 15,000/28,119 ( 53.3%) batch=4
2026-08-25T07:01:51.5421123-05:00 [PHASE3B] [OK ] [3.3] SOURCE_VALUES: 20,000/28,119 (71.1%) batches=4 elapsed=0.84s
2026-08-25T07:01:51.5441149-05:00 [PHASE3B] [RUN] [3.3] RECONCILE_SETS / SOURCE_VALUES 20,000/28,119 ( 71.1%) batch=5
2026-08-25T07:01:52.3968764-05:00 [PHASE3B] [OK ] [3.3] SOURCE_VALUES: 25,000/28,119 (88.9%) batches=5 elapsed=0.85s
2026-08-25T07:01:52.3978742-05:00 [PHASE3B] [RUN] [3.3] RECONCILE_SETS / SOURCE_VALUES 25,000/28,119 ( 88.9%) batch=6
2026-08-25T07:01:53.0234900-05:00 [PHASE3B] [OK ] [3.3] SOURCE_VALUES: 28,119/28,119 (100.0%) batches=6 elapsed=0.63s
2026-08-25T07:01:53.0244929-05:00 [PHASE3B] 
2026-08-25T07:01:53.0254906-05:00 [PHASE3B] -------------------------------------------------------------------------------
2026-08-25T07:01:53.0264907-05:00 [PHASE3B]  Durable Phase 3B checkpoint status
2026-08-25T07:01:53.0274898-05:00 [PHASE3B] -------------------------------------------------------------------------------
2026-08-25T07:01:53.0284912-05:00 [PHASE3B] 
2026-08-25T07:01:53.0284912-05:00 [PHASE3B] [1/6] VALIDATE_SOURCE_RUN
2026-08-25T07:01:53.0294931-05:00 [PHASE3B]       [1.1] RUN_CONTRACT             COMPLETED         1 / 1         100.0%  batches=1
2026-08-25T07:01:53.0304903-05:00 [PHASE3B]       [1.2] STAGED_COUNTS            COMPLETED         1 / 1         100.0%  batches=1
2026-08-25T07:01:53.0314900-05:00 [PHASE3B]       [1.3] REFERENCE_LINKS          COMPLETED         1 / 1         100.0%  batches=1
2026-08-25T07:01:53.0324898-05:00 [PHASE3B] 
2026-08-25T07:01:53.0324898-05:00 [PHASE3B] [2/6] RECONCILE_PARTS
2026-08-25T07:01:53.0334886-05:00 [PHASE3B]       [2.1] CATALOG_IDENTITIES       COMPLETED    64,347 / 64,347    100.0%  batches=13
2026-08-25T07:01:53.0344886-05:00 [PHASE3B]       [2.2] PART_ROWS                COMPLETED    64,347 / 64,347    100.0%  batches=13
2026-08-25T07:01:53.0354885-05:00 [PHASE3B]       [2.3] SOURCE_VALUES            COMPLETED    64,347 / 64,347    100.0%  batches=13
2026-08-25T07:01:53.0364884-05:00 [PHASE3B] 
2026-08-25T07:01:53.0364884-05:00 [PHASE3B] [3/6] RECONCILE_SETS
2026-08-25T07:01:53.0374902-05:00 [PHASE3B]       [3.1] CATALOG_IDENTITIES       COMPLETED    28,119 / 28,119    100.0%  batches=6
2026-08-25T07:01:53.0384895-05:00 [PHASE3B]       [3.2] SET_ROWS                 COMPLETED    28,119 / 28,119    100.0%  batches=6
2026-08-25T07:01:53.0394887-05:00 [PHASE3B]       [3.3] SOURCE_VALUES            COMPLETED    28,119 / 28,119    100.0%  batches=6
2026-08-25T07:01:53.0404886-05:00 [PHASE3B] 
2026-08-25T07:01:53.0404886-05:00 [PHASE3B] [4/6] RECONCILE_MINIFIGURES
2026-08-25T07:01:53.0414909-05:00 [PHASE3B]       [4.1] CATALOG_IDENTITIES       PENDING           0 / 17,162      0.0%  batches=0
2026-08-25T07:01:53.0424896-05:00 [PHASE3B]       [4.2] MINIFIGURE_ROWS          PENDING           0 / 17,162      0.0%  batches=0
2026-08-25T07:01:53.0434882-05:00 [PHASE3B]       [4.3] SOURCE_VALUES            PENDING           0 / 17,162      0.0%  batches=0
2026-08-25T07:01:53.0444883-05:00 [PHASE3B] 
2026-08-25T07:01:53.0444883-05:00 [PHASE3B] [5/6] SOURCE_PRESENCE
2026-08-25T07:01:53.0454882-05:00 [PHASE3B]       [5.1] PARTS                    PENDING           0 / 1           0.0%  batches=0
2026-08-25T07:01:53.0464898-05:00 [PHASE3B]       [5.2] SETS                     PENDING           0 / 1           0.0%  batches=0
2026-08-25T07:01:53.0474897-05:00 [PHASE3B]       [5.3] MINIFIGURES              PENDING           0 / 1           0.0%  batches=0
2026-08-25T07:01:53.0484888-05:00 [PHASE3B] 
2026-08-25T07:01:53.0494883-05:00 [PHASE3B] [6/6] FINALIZE_SOURCE_RUN
2026-08-25T07:01:53.0494883-05:00 [PHASE3B]       [6.1] VERIFY_COUNTS            PENDING           0 / 1           0.0%  batches=0
2026-08-25T07:01:53.0504883-05:00 [PHASE3B]       [6.2] COMPLETE_RUN             PENDING           0 / 1           0.0%  batches=0
2026-08-25T07:01:53.0514882-05:00 [PHASE3B] 
2026-08-25T07:01:53.0524884-05:00 [PHASE3B] [RUN] [4.1] RECONCILE_MINIFIGURES / CATALOG_IDENTITIES 0/17,162 (  0.0%) batch=1
2026-08-25T07:01:54.7523037-05:00 [PHASE3B] [OK ] [4.1] CATALOG_IDENTITIES: 5,000/17,162 (29.1%) batches=1 elapsed=1.73s
2026-08-25T07:01:54.7543050-05:00 [PHASE3B] [RUN] [4.1] RECONCILE_MINIFIGURES / CATALOG_IDENTITIES 5,000/17,162 ( 29.1%) batch=2
2026-08-25T07:01:56.4408677-05:00 [PHASE3B] [OK ] [4.1] CATALOG_IDENTITIES: 10,000/17,162 (58.3%) batches=2 elapsed=1.69s
2026-08-25T07:01:56.4418673-05:00 [PHASE3B] [RUN] [4.1] RECONCILE_MINIFIGURES / CATALOG_IDENTITIES 10,000/17,162 ( 58.3%) batch=3
2026-08-25T07:01:58.3277035-05:00 [PHASE3B] [OK ] [4.1] CATALOG_IDENTITIES: 15,000/17,162 (87.4%) batches=3 elapsed=1.89s
2026-08-25T07:01:58.3287043-05:00 [PHASE3B] [RUN] [4.1] RECONCILE_MINIFIGURES / CATALOG_IDENTITIES 15,000/17,162 ( 87.4%) batch=4
2026-08-25T07:01:58.9809970-05:00 [PHASE3B] [OK ] [4.1] CATALOG_IDENTITIES: 17,162/17,162 (100.0%) batches=4 elapsed=0.65s
2026-08-25T07:01:58.9819973-05:00 [PHASE3B] 
2026-08-25T07:01:58.9829968-05:00 [PHASE3B] -------------------------------------------------------------------------------
2026-08-25T07:01:58.9839975-05:00 [PHASE3B]  Durable Phase 3B checkpoint status
2026-08-25T07:01:58.9849982-05:00 [PHASE3B] -------------------------------------------------------------------------------
2026-08-25T07:01:58.9849982-05:00 [PHASE3B] 
2026-08-25T07:01:58.9859975-05:00 [PHASE3B] [1/6] VALIDATE_SOURCE_RUN
2026-08-25T07:01:58.9869975-05:00 [PHASE3B]       [1.1] RUN_CONTRACT             COMPLETED         1 / 1         100.0%  batches=1
2026-08-25T07:01:58.9879977-05:00 [PHASE3B]       [1.2] STAGED_COUNTS            COMPLETED         1 / 1         100.0%  batches=1
2026-08-25T07:01:58.9889978-05:00 [PHASE3B]       [1.3] REFERENCE_LINKS          COMPLETED         1 / 1         100.0%  batches=1
2026-08-25T07:01:58.9889978-05:00 [PHASE3B] 
2026-08-25T07:01:58.9899961-05:00 [PHASE3B] [2/6] RECONCILE_PARTS
2026-08-25T07:01:58.9909959-05:00 [PHASE3B]       [2.1] CATALOG_IDENTITIES       COMPLETED    64,347 / 64,347    100.0%  batches=13
2026-08-25T07:01:58.9929973-05:00 [PHASE3B]       [2.2] PART_ROWS                COMPLETED    64,347 / 64,347    100.0%  batches=13
2026-08-25T07:01:58.9939977-05:00 [PHASE3B]       [2.3] SOURCE_VALUES            COMPLETED    64,347 / 64,347    100.0%  batches=13
2026-08-25T07:01:58.9949964-05:00 [PHASE3B] 
2026-08-25T07:01:58.9959969-05:00 [PHASE3B] [3/6] RECONCILE_SETS
2026-08-25T07:01:58.9959969-05:00 [PHASE3B]       [3.1] CATALOG_IDENTITIES       COMPLETED    28,119 / 28,119    100.0%  batches=6
2026-08-25T07:01:58.9969973-05:00 [PHASE3B]       [3.2] SET_ROWS                 COMPLETED    28,119 / 28,119    100.0%  batches=6
2026-08-25T07:01:58.9979972-05:00 [PHASE3B]       [3.3] SOURCE_VALUES            COMPLETED    28,119 / 28,119    100.0%  batches=6
2026-08-25T07:01:58.9989960-05:00 [PHASE3B] 
2026-08-25T07:01:58.9999969-05:00 [PHASE3B] [4/6] RECONCILE_MINIFIGURES
2026-08-25T07:01:59.0009980-05:00 [PHASE3B]       [4.1] CATALOG_IDENTITIES       COMPLETED    17,162 / 17,162    100.0%  batches=4
2026-08-25T07:01:59.0009980-05:00 [PHASE3B]       [4.2] MINIFIGURE_ROWS          PENDING           0 / 17,162      0.0%  batches=0
2026-08-25T07:01:59.0019972-05:00 [PHASE3B]       [4.3] SOURCE_VALUES            PENDING           0 / 17,162      0.0%  batches=0
2026-08-25T07:01:59.0029972-05:00 [PHASE3B] 
2026-08-25T07:01:59.0039973-05:00 [PHASE3B] [5/6] SOURCE_PRESENCE
2026-08-25T07:01:59.0049972-05:00 [PHASE3B]       [5.1] PARTS                    PENDING           0 / 1           0.0%  batches=0
2026-08-25T07:01:59.0049972-05:00 [PHASE3B]       [5.2] SETS                     PENDING           0 / 1           0.0%  batches=0
2026-08-25T07:01:59.0059970-05:00 [PHASE3B]       [5.3] MINIFIGURES              PENDING           0 / 1           0.0%  batches=0
2026-08-25T07:01:59.0069970-05:00 [PHASE3B] 
2026-08-25T07:01:59.0079976-05:00 [PHASE3B] [6/6] FINALIZE_SOURCE_RUN
2026-08-25T07:01:59.0089973-05:00 [PHASE3B]       [6.1] VERIFY_COUNTS            PENDING           0 / 1           0.0%  batches=0
2026-08-25T07:01:59.0099978-05:00 [PHASE3B]       [6.2] COMPLETE_RUN             PENDING           0 / 1           0.0%  batches=0
2026-08-25T07:01:59.0109974-05:00 [PHASE3B] 
2026-08-25T07:01:59.0119972-05:00 [PHASE3B] [RUN] [4.2] RECONCILE_MINIFIGURES / MINIFIGURE_ROWS 0/17,162 (  0.0%) batch=1
2026-08-25T07:01:59.0709967-05:00 [PHASE3B] [OK ] [4.2] MINIFIGURE_ROWS: 5,000/17,162 (29.1%) batches=1 elapsed=0.09s
2026-08-25T07:01:59.0719973-05:00 [PHASE3B] [RUN] [4.2] RECONCILE_MINIFIGURES / MINIFIGURE_ROWS 5,000/17,162 ( 29.1%) batch=2
2026-08-25T07:01:59.1639967-05:00 [PHASE3B] [OK ] [4.2] MINIFIGURE_ROWS: 10,000/17,162 (58.3%) batches=2 elapsed=0.09s
2026-08-25T07:01:59.1659968-05:00 [PHASE3B] [RUN] [4.2] RECONCILE_MINIFIGURES / MINIFIGURE_ROWS 10,000/17,162 ( 58.3%) batch=3
2026-08-25T07:01:59.2699972-05:00 [PHASE3B] [OK ] [4.2] MINIFIGURE_ROWS: 15,000/17,162 (87.4%) batches=3 elapsed=0.10s
2026-08-25T07:01:59.2709969-05:00 [PHASE3B] [RUN] [4.2] RECONCILE_MINIFIGURES / MINIFIGURE_ROWS 15,000/17,162 ( 87.4%) batch=4
2026-08-25T07:01:59.3189971-05:00 [PHASE3B] [OK ] [4.2] MINIFIGURE_ROWS: 17,162/17,162 (100.0%) batches=4 elapsed=0.05s
2026-08-25T07:01:59.3199971-05:00 [PHASE3B] 
2026-08-25T07:01:59.3209981-05:00 [PHASE3B] -------------------------------------------------------------------------------
2026-08-25T07:01:59.3219970-05:00 [PHASE3B]  Durable Phase 3B checkpoint status
2026-08-25T07:01:59.3219970-05:00 [PHASE3B] -------------------------------------------------------------------------------
2026-08-25T07:01:59.3229970-05:00 [PHASE3B] 
2026-08-25T07:01:59.3239968-05:00 [PHASE3B] [1/6] VALIDATE_SOURCE_RUN
2026-08-25T07:01:59.3249970-05:00 [PHASE3B]       [1.1] RUN_CONTRACT             COMPLETED         1 / 1         100.0%  batches=1
2026-08-25T07:01:59.3259973-05:00 [PHASE3B]       [1.2] STAGED_COUNTS            COMPLETED         1 / 1         100.0%  batches=1
2026-08-25T07:01:59.3269960-05:00 [PHASE3B]       [1.3] REFERENCE_LINKS          COMPLETED         1 / 1         100.0%  batches=1
2026-08-25T07:01:59.3269960-05:00 [PHASE3B] 
2026-08-25T07:01:59.3279958-05:00 [PHASE3B] [2/6] RECONCILE_PARTS
2026-08-25T07:01:59.3289959-05:00 [PHASE3B]       [2.1] CATALOG_IDENTITIES       COMPLETED    64,347 / 64,347    100.0%  batches=13
2026-08-25T07:01:59.3299960-05:00 [PHASE3B]       [2.2] PART_ROWS                COMPLETED    64,347 / 64,347    100.0%  batches=13
2026-08-25T07:01:59.3309957-05:00 [PHASE3B]       [2.3] SOURCE_VALUES            COMPLETED    64,347 / 64,347    100.0%  batches=13
2026-08-25T07:01:59.3309957-05:00 [PHASE3B] 
2026-08-25T07:01:59.3319959-05:00 [PHASE3B] [3/6] RECONCILE_SETS
2026-08-25T07:01:59.3329959-05:00 [PHASE3B]       [3.1] CATALOG_IDENTITIES       COMPLETED    28,119 / 28,119    100.0%  batches=6
2026-08-25T07:01:59.3339959-05:00 [PHASE3B]       [3.2] SET_ROWS                 COMPLETED    28,119 / 28,119    100.0%  batches=6
2026-08-25T07:01:59.3349965-05:00 [PHASE3B]       [3.3] SOURCE_VALUES            COMPLETED    28,119 / 28,119    100.0%  batches=6
2026-08-25T07:01:59.3359977-05:00 [PHASE3B] 
2026-08-25T07:01:59.3359977-05:00 [PHASE3B] [4/6] RECONCILE_MINIFIGURES
2026-08-25T07:01:59.3369968-05:00 [PHASE3B]       [4.1] CATALOG_IDENTITIES       COMPLETED    17,162 / 17,162    100.0%  batches=4
2026-08-25T07:01:59.3379972-05:00 [PHASE3B]       [4.2] MINIFIGURE_ROWS          COMPLETED    17,162 / 17,162    100.0%  batches=4
2026-08-25T07:01:59.3389981-05:00 [PHASE3B]       [4.3] SOURCE_VALUES            PENDING           0 / 17,162      0.0%  batches=0
2026-08-25T07:01:59.3399970-05:00 [PHASE3B] 
2026-08-25T07:01:59.3399970-05:00 [PHASE3B] [5/6] SOURCE_PRESENCE
2026-08-25T07:01:59.3409968-05:00 [PHASE3B]       [5.1] PARTS                    PENDING           0 / 1           0.0%  batches=0
2026-08-25T07:01:59.3419972-05:00 [PHASE3B]       [5.2] SETS                     PENDING           0 / 1           0.0%  batches=0
2026-08-25T07:01:59.3429961-05:00 [PHASE3B]       [5.3] MINIFIGURES              PENDING           0 / 1           0.0%  batches=0
2026-08-25T07:01:59.3429961-05:00 [PHASE3B] 
2026-08-25T07:01:59.3439966-05:00 [PHASE3B] [6/6] FINALIZE_SOURCE_RUN
2026-08-25T07:01:59.3449968-05:00 [PHASE3B]       [6.1] VERIFY_COUNTS            PENDING           0 / 1           0.0%  batches=0
2026-08-25T07:01:59.3459969-05:00 [PHASE3B]       [6.2] COMPLETE_RUN             PENDING           0 / 1           0.0%  batches=0
2026-08-25T07:01:59.3469973-05:00 [PHASE3B] 
2026-08-25T07:01:59.3469973-05:00 [PHASE3B] [RUN] [4.3] RECONCILE_MINIFIGURES / SOURCE_VALUES 0/17,162 (  0.0%) batch=1
2026-08-25T07:01:59.9667447-05:00 [PHASE3B] [OK ] [4.3] SOURCE_VALUES: 5,000/17,162 (29.1%) batches=1 elapsed=0.65s
2026-08-25T07:01:59.9677460-05:00 [PHASE3B] [RUN] [4.3] RECONCILE_MINIFIGURES / SOURCE_VALUES 5,000/17,162 ( 29.1%) batch=2
2026-08-25T07:02:00.6517587-05:00 [PHASE3B] [OK ] [4.3] SOURCE_VALUES: 10,000/17,162 (58.3%) batches=2 elapsed=0.68s
2026-08-25T07:02:00.6527589-05:00 [PHASE3B] [RUN] [4.3] RECONCILE_MINIFIGURES / SOURCE_VALUES 10,000/17,162 ( 58.3%) batch=3
2026-08-25T07:02:01.3577636-05:00 [PHASE3B] [OK ] [4.3] SOURCE_VALUES: 15,000/17,162 (87.4%) batches=3 elapsed=0.71s
2026-08-25T07:02:01.3587632-05:00 [PHASE3B] [RUN] [4.3] RECONCILE_MINIFIGURES / SOURCE_VALUES 15,000/17,162 ( 87.4%) batch=4
2026-08-25T07:02:01.5707638-05:00 [PHASE3B] [OK ] [4.3] SOURCE_VALUES: 17,162/17,162 (100.0%) batches=4 elapsed=0.21s
2026-08-25T07:02:01.5717631-05:00 [PHASE3B] 
2026-08-25T07:02:01.5727654-05:00 [PHASE3B] -------------------------------------------------------------------------------
2026-08-25T07:02:01.5737633-05:00 [PHASE3B]  Durable Phase 3B checkpoint status
2026-08-25T07:02:01.5747637-05:00 [PHASE3B] -------------------------------------------------------------------------------
2026-08-25T07:02:01.5747637-05:00 [PHASE3B] 
2026-08-25T07:02:01.5767638-05:00 [PHASE3B] [1/6] VALIDATE_SOURCE_RUN
2026-08-25T07:02:01.5777637-05:00 [PHASE3B]       [1.1] RUN_CONTRACT             COMPLETED         1 / 1         100.0%  batches=1
2026-08-25T07:02:01.5787628-05:00 [PHASE3B]       [1.2] STAGED_COUNTS            COMPLETED         1 / 1         100.0%  batches=1
2026-08-25T07:02:01.5787628-05:00 [PHASE3B]       [1.3] REFERENCE_LINKS          COMPLETED         1 / 1         100.0%  batches=1
2026-08-25T07:02:01.5797628-05:00 [PHASE3B] 
2026-08-25T07:02:01.5807628-05:00 [PHASE3B] [2/6] RECONCILE_PARTS
2026-08-25T07:02:01.5817633-05:00 [PHASE3B]       [2.1] CATALOG_IDENTITIES       COMPLETED    64,347 / 64,347    100.0%  batches=13
2026-08-25T07:02:01.5827638-05:00 [PHASE3B]       [2.2] PART_ROWS                COMPLETED    64,347 / 64,347    100.0%  batches=13
2026-08-25T07:02:01.5837638-05:00 [PHASE3B]       [2.3] SOURCE_VALUES            COMPLETED    64,347 / 64,347    100.0%  batches=13
2026-08-25T07:02:01.5837638-05:00 [PHASE3B] 
2026-08-25T07:02:01.5847627-05:00 [PHASE3B] [3/6] RECONCILE_SETS
2026-08-25T07:02:01.5857630-05:00 [PHASE3B]       [3.1] CATALOG_IDENTITIES       COMPLETED    28,119 / 28,119    100.0%  batches=6
2026-08-25T07:02:01.5867629-05:00 [PHASE3B]       [3.2] SET_ROWS                 COMPLETED    28,119 / 28,119    100.0%  batches=6
2026-08-25T07:02:01.5877629-05:00 [PHASE3B]       [3.3] SOURCE_VALUES            COMPLETED    28,119 / 28,119    100.0%  batches=6
2026-08-25T07:02:01.5877629-05:00 [PHASE3B] 
2026-08-25T07:02:01.5887656-05:00 [PHASE3B] [4/6] RECONCILE_MINIFIGURES
2026-08-25T07:02:01.5897656-05:00 [PHASE3B]       [4.1] CATALOG_IDENTITIES       COMPLETED    17,162 / 17,162    100.0%  batches=4
2026-08-25T07:02:01.5907648-05:00 [PHASE3B]       [4.2] MINIFIGURE_ROWS          COMPLETED    17,162 / 17,162    100.0%  batches=4
2026-08-25T07:02:01.5917640-05:00 [PHASE3B]       [4.3] SOURCE_VALUES            COMPLETED    17,162 / 17,162    100.0%  batches=4
2026-08-25T07:02:01.5917640-05:00 [PHASE3B] 
2026-08-25T07:02:01.5927636-05:00 [PHASE3B] [5/6] SOURCE_PRESENCE
2026-08-25T07:02:01.5937647-05:00 [PHASE3B]       [5.1] PARTS                    PENDING           0 / 1           0.0%  batches=0
2026-08-25T07:02:01.5947633-05:00 [PHASE3B]       [5.2] SETS                     PENDING           0 / 1           0.0%  batches=0
2026-08-25T07:02:01.5957631-05:00 [PHASE3B]       [5.3] MINIFIGURES              PENDING           0 / 1           0.0%  batches=0
2026-08-25T07:02:01.5957631-05:00 [PHASE3B] 
2026-08-25T07:02:01.5967657-05:00 [PHASE3B] [6/6] FINALIZE_SOURCE_RUN
2026-08-25T07:02:01.5977639-05:00 [PHASE3B]       [6.1] VERIFY_COUNTS            PENDING           0 / 1           0.0%  batches=0
2026-08-25T07:02:01.5987640-05:00 [PHASE3B]       [6.2] COMPLETE_RUN             PENDING           0 / 1           0.0%  batches=0
2026-08-25T07:02:01.5997639-05:00 [PHASE3B] 
2026-08-25T07:02:01.6007627-05:00 [PHASE3B] [RUN] [5.1] SOURCE_PRESENCE / PARTS 0/1 (  0.0%) batch=1
2026-08-25T07:02:01.6157630-05:00 [PHASE3B] [OK ] [5.1] PARTS: 1/1 (100.0%) batches=1 elapsed=0.04s
2026-08-25T07:02:01.6177640-05:00 [PHASE3B] 
2026-08-25T07:02:01.6177640-05:00 [PHASE3B] -------------------------------------------------------------------------------
2026-08-25T07:02:01.6187656-05:00 [PHASE3B]  Durable Phase 3B checkpoint status
2026-08-25T07:02:01.6197632-05:00 [PHASE3B] -------------------------------------------------------------------------------
2026-08-25T07:02:01.6207627-05:00 [PHASE3B] 
2026-08-25T07:02:01.6217630-05:00 [PHASE3B] [1/6] VALIDATE_SOURCE_RUN
2026-08-25T07:02:01.6227628-05:00 [PHASE3B]       [1.1] RUN_CONTRACT             COMPLETED         1 / 1         100.0%  batches=1
2026-08-25T07:02:01.6227628-05:00 [PHASE3B]       [1.2] STAGED_COUNTS            COMPLETED         1 / 1         100.0%  batches=1
2026-08-25T07:02:01.6237635-05:00 [PHASE3B]       [1.3] REFERENCE_LINKS          COMPLETED         1 / 1         100.0%  batches=1
2026-08-25T07:02:01.6247647-05:00 [PHASE3B] 
2026-08-25T07:02:01.6257637-05:00 [PHASE3B] [2/6] RECONCILE_PARTS
2026-08-25T07:02:01.6257637-05:00 [PHASE3B]       [2.1] CATALOG_IDENTITIES       COMPLETED    64,347 / 64,347    100.0%  batches=13
2026-08-25T07:02:01.6267655-05:00 [PHASE3B]       [2.2] PART_ROWS                COMPLETED    64,347 / 64,347    100.0%  batches=13
2026-08-25T07:02:01.6277657-05:00 [PHASE3B]       [2.3] SOURCE_VALUES            COMPLETED    64,347 / 64,347    100.0%  batches=13
2026-08-25T07:02:01.6287638-05:00 [PHASE3B] 
2026-08-25T07:02:01.6307640-05:00 [PHASE3B] [3/6] RECONCILE_SETS
2026-08-25T07:02:01.6317631-05:00 [PHASE3B]       [3.1] CATALOG_IDENTITIES       COMPLETED    28,119 / 28,119    100.0%  batches=6
2026-08-25T07:02:01.6317631-05:00 [PHASE3B]       [3.2] SET_ROWS                 COMPLETED    28,119 / 28,119    100.0%  batches=6
2026-08-25T07:02:01.6327648-05:00 [PHASE3B]       [3.3] SOURCE_VALUES            COMPLETED    28,119 / 28,119    100.0%  batches=6
2026-08-25T07:02:01.6337628-05:00 [PHASE3B] 
2026-08-25T07:02:01.6347629-05:00 [PHASE3B] [4/6] RECONCILE_MINIFIGURES
2026-08-25T07:02:01.6347629-05:00 [PHASE3B]       [4.1] CATALOG_IDENTITIES       COMPLETED    17,162 / 17,162    100.0%  batches=4
2026-08-25T07:02:01.6357628-05:00 [PHASE3B]       [4.2] MINIFIGURE_ROWS          COMPLETED    17,162 / 17,162    100.0%  batches=4
2026-08-25T07:02:01.6367633-05:00 [PHASE3B]       [4.3] SOURCE_VALUES            COMPLETED    17,162 / 17,162    100.0%  batches=4
2026-08-25T07:02:01.6377634-05:00 [PHASE3B] 
2026-08-25T07:02:01.6377634-05:00 [PHASE3B] [5/6] SOURCE_PRESENCE
2026-08-25T07:02:01.6387633-05:00 [PHASE3B]       [5.1] PARTS                    COMPLETED         1 / 1         100.0%  batches=1
2026-08-25T07:02:01.6397626-05:00 [PHASE3B]       [5.2] SETS                     PENDING           0 / 1           0.0%  batches=0
2026-08-25T07:02:01.6407628-05:00 [PHASE3B]       [5.3] MINIFIGURES              PENDING           0 / 1           0.0%  batches=0
2026-08-25T07:02:01.6417639-05:00 [PHASE3B] 
2026-08-25T07:02:01.6417639-05:00 [PHASE3B] [6/6] FINALIZE_SOURCE_RUN
2026-08-25T07:02:01.6427649-05:00 [PHASE3B]       [6.1] VERIFY_COUNTS            PENDING           0 / 1           0.0%  batches=0
2026-08-25T07:02:01.6437634-05:00 [PHASE3B]       [6.2] COMPLETE_RUN             PENDING           0 / 1           0.0%  batches=0
2026-08-25T07:02:01.6447634-05:00 [PHASE3B] 
2026-08-25T07:02:01.6457637-05:00 [PHASE3B] [RUN] [5.2] SOURCE_PRESENCE / SETS 0/1 (  0.0%) batch=1
2026-08-25T07:02:01.6457637-05:00 [PHASE3B] [OK ] [5.2] SETS: 1/1 (100.0%) batches=1 elapsed=0.02s
2026-08-25T07:02:01.6467641-05:00 [PHASE3B] 
2026-08-25T07:02:01.6477647-05:00 [PHASE3B] -------------------------------------------------------------------------------
2026-08-25T07:02:01.6487647-05:00 [PHASE3B]  Durable Phase 3B checkpoint status
2026-08-25T07:02:01.6497629-05:00 [PHASE3B] -------------------------------------------------------------------------------
2026-08-25T07:02:01.6497629-05:00 [PHASE3B] 
2026-08-25T07:02:01.6507627-05:00 [PHASE3B] [1/6] VALIDATE_SOURCE_RUN
2026-08-25T07:02:01.6517626-05:00 [PHASE3B]       [1.1] RUN_CONTRACT             COMPLETED         1 / 1         100.0%  batches=1
2026-08-25T07:02:01.6527635-05:00 [PHASE3B]       [1.2] STAGED_COUNTS            COMPLETED         1 / 1         100.0%  batches=1
2026-08-25T07:02:01.6537630-05:00 [PHASE3B]       [1.3] REFERENCE_LINKS          COMPLETED         1 / 1         100.0%  batches=1
2026-08-25T07:02:01.6547628-05:00 [PHASE3B] 
2026-08-25T07:02:01.6557648-05:00 [PHASE3B] [2/6] RECONCILE_PARTS
2026-08-25T07:02:01.6567634-05:00 [PHASE3B]       [2.1] CATALOG_IDENTITIES       COMPLETED    64,347 / 64,347    100.0%  batches=13
2026-08-25T07:02:01.6577638-05:00 [PHASE3B]       [2.2] PART_ROWS                COMPLETED    64,347 / 64,347    100.0%  batches=13
2026-08-25T07:02:01.6587628-05:00 [PHASE3B]       [2.3] SOURCE_VALUES            COMPLETED    64,347 / 64,347    100.0%  batches=13
2026-08-25T07:02:01.6597628-05:00 [PHASE3B] 
2026-08-25T07:02:01.6607635-05:00 [PHASE3B] [3/6] RECONCILE_SETS
2026-08-25T07:02:01.6617631-05:00 [PHASE3B]       [3.1] CATALOG_IDENTITIES       COMPLETED    28,119 / 28,119    100.0%  batches=6
2026-08-25T07:02:01.6627634-05:00 [PHASE3B]       [3.2] SET_ROWS                 COMPLETED    28,119 / 28,119    100.0%  batches=6
2026-08-25T07:02:01.6627634-05:00 [PHASE3B]       [3.3] SOURCE_VALUES            COMPLETED    28,119 / 28,119    100.0%  batches=6
2026-08-25T07:02:01.6637629-05:00 [PHASE3B] 
2026-08-25T07:02:01.6647627-05:00 [PHASE3B] [4/6] RECONCILE_MINIFIGURES
2026-08-25T07:02:01.6657648-05:00 [PHASE3B]       [4.1] CATALOG_IDENTITIES       COMPLETED    17,162 / 17,162    100.0%  batches=4
2026-08-25T07:02:01.6667633-05:00 [PHASE3B]       [4.2] MINIFIGURE_ROWS          COMPLETED    17,162 / 17,162    100.0%  batches=4
2026-08-25T07:02:01.6677627-05:00 [PHASE3B]       [4.3] SOURCE_VALUES            COMPLETED    17,162 / 17,162    100.0%  batches=4
2026-08-25T07:02:01.6677627-05:00 [PHASE3B] 
2026-08-25T07:02:01.6687628-05:00 [PHASE3B] [5/6] SOURCE_PRESENCE
2026-08-25T07:02:01.6697634-05:00 [PHASE3B]       [5.1] PARTS                    COMPLETED         1 / 1         100.0%  batches=1
2026-08-25T07:02:01.6707634-05:00 [PHASE3B]       [5.2] SETS                     COMPLETED         1 / 1         100.0%  batches=1
2026-08-25T07:02:01.6707634-05:00 [PHASE3B]       [5.3] MINIFIGURES              PENDING           0 / 1           0.0%  batches=0
2026-08-25T07:02:01.6717635-05:00 [PHASE3B] 
2026-08-25T07:02:01.6727628-05:00 [PHASE3B] [6/6] FINALIZE_SOURCE_RUN
2026-08-25T07:02:01.6737629-05:00 [PHASE3B]       [6.1] VERIFY_COUNTS            PENDING           0 / 1           0.0%  batches=0
2026-08-25T07:02:01.6747630-05:00 [PHASE3B]       [6.2] COMPLETE_RUN             PENDING           0 / 1           0.0%  batches=0
2026-08-25T07:02:01.6757627-05:00 [PHASE3B] 
2026-08-25T07:02:01.6767637-05:00 [PHASE3B] [RUN] [5.3] SOURCE_PRESENCE / MINIFIGURES 0/1 (  0.0%) batch=1
2026-08-25T07:02:19.0219815-05:00 [PHASE3B] [OK ] [5.3] MINIFIGURES: 1/1 (100.0%) batches=1 elapsed=17.39s
2026-08-25T07:02:19.0229836-05:00 [PHASE3B] 
2026-08-25T07:02:19.0239848-05:00 [PHASE3B] -------------------------------------------------------------------------------
2026-08-25T07:02:19.0249817-05:00 [PHASE3B]  Durable Phase 3B checkpoint status
2026-08-25T07:02:19.0259843-05:00 [PHASE3B] -------------------------------------------------------------------------------
2026-08-25T07:02:19.0269815-05:00 [PHASE3B] 
2026-08-25T07:02:19.0279823-05:00 [PHASE3B] [1/6] VALIDATE_SOURCE_RUN
2026-08-25T07:02:19.0279823-05:00 [PHASE3B]       [1.1] RUN_CONTRACT             COMPLETED         1 / 1         100.0%  batches=1
2026-08-25T07:02:19.0289813-05:00 [PHASE3B]       [1.2] STAGED_COUNTS            COMPLETED         1 / 1         100.0%  batches=1
2026-08-25T07:02:19.0299843-05:00 [PHASE3B]       [1.3] REFERENCE_LINKS          COMPLETED         1 / 1         100.0%  batches=1
2026-08-25T07:02:19.0309854-05:00 [PHASE3B] 
2026-08-25T07:02:19.0319860-05:00 [PHASE3B] [2/6] RECONCILE_PARTS
2026-08-25T07:02:19.0329818-05:00 [PHASE3B]       [2.1] CATALOG_IDENTITIES       COMPLETED    64,347 / 64,347    100.0%  batches=13
2026-08-25T07:02:19.0329818-05:00 [PHASE3B]       [2.2] PART_ROWS                COMPLETED    64,347 / 64,347    100.0%  batches=13
2026-08-25T07:02:19.0339811-05:00 [PHASE3B]       [2.3] SOURCE_VALUES            COMPLETED    64,347 / 64,347    100.0%  batches=13
2026-08-25T07:02:19.0349815-05:00 [PHASE3B] 
2026-08-25T07:02:19.0359832-05:00 [PHASE3B] [3/6] RECONCILE_SETS
2026-08-25T07:02:19.0369829-05:00 [PHASE3B]       [3.1] CATALOG_IDENTITIES       COMPLETED    28,119 / 28,119    100.0%  batches=6
2026-08-25T07:02:19.0379812-05:00 [PHASE3B]       [3.2] SET_ROWS                 COMPLETED    28,119 / 28,119    100.0%  batches=6
2026-08-25T07:02:19.0379812-05:00 [PHASE3B]       [3.3] SOURCE_VALUES            COMPLETED    28,119 / 28,119    100.0%  batches=6
2026-08-25T07:02:19.0389838-05:00 [PHASE3B] 
2026-08-25T07:02:19.0399852-05:00 [PHASE3B] [4/6] RECONCILE_MINIFIGURES
2026-08-25T07:02:19.0409841-05:00 [PHASE3B]       [4.1] CATALOG_IDENTITIES       COMPLETED    17,162 / 17,162    100.0%  batches=4
2026-08-25T07:02:19.0419850-05:00 [PHASE3B]       [4.2] MINIFIGURE_ROWS          COMPLETED    17,162 / 17,162    100.0%  batches=4
2026-08-25T07:02:19.0429831-05:00 [PHASE3B]       [4.3] SOURCE_VALUES            COMPLETED    17,162 / 17,162    100.0%  batches=4
2026-08-25T07:02:19.0429831-05:00 [PHASE3B] 
2026-08-25T07:02:19.0439847-05:00 [PHASE3B] [5/6] SOURCE_PRESENCE
2026-08-25T07:02:19.0449825-05:00 [PHASE3B]       [5.1] PARTS                    COMPLETED         1 / 1         100.0%  batches=1
2026-08-25T07:02:19.0459816-05:00 [PHASE3B]       [5.2] SETS                     COMPLETED         1 / 1         100.0%  batches=1
2026-08-25T07:02:19.0469823-05:00 [PHASE3B]       [5.3] MINIFIGURES              COMPLETED         1 / 1         100.0%  batches=1
2026-08-25T07:02:19.0479819-05:00 [PHASE3B] 
2026-08-25T07:02:19.0489821-05:00 [PHASE3B] [6/6] FINALIZE_SOURCE_RUN
2026-08-25T07:02:19.0499830-05:00 [PHASE3B]       [6.1] VERIFY_COUNTS            PENDING           0 / 1           0.0%  batches=0
2026-08-25T07:02:19.0509831-05:00 [PHASE3B]       [6.2] COMPLETE_RUN             PENDING           0 / 1           0.0%  batches=0
2026-08-25T07:02:19.0509831-05:00 [PHASE3B] 
2026-08-25T07:02:19.0519823-05:00 [PHASE3B] [RUN] [6.1] FINALIZE_SOURCE_RUN / VERIFY_COUNTS 0/1 (  0.0%) batch=1
2026-08-25T07:02:19.0529823-05:00 [PHASE3B] [OK ] [6.1] VERIFY_COUNTS: 1/1 (100.0%) batches=1 elapsed=0.02s
2026-08-25T07:02:19.0539820-05:00 [PHASE3B] 
2026-08-25T07:02:19.0549821-05:00 [PHASE3B] -------------------------------------------------------------------------------
2026-08-25T07:02:19.0559824-05:00 [PHASE3B]  Durable Phase 3B checkpoint status
2026-08-25T07:02:19.0559824-05:00 [PHASE3B] -------------------------------------------------------------------------------
2026-08-25T07:02:19.0569841-05:00 [PHASE3B] 
2026-08-25T07:02:19.0579817-05:00 [PHASE3B] [1/6] VALIDATE_SOURCE_RUN
2026-08-25T07:02:19.0589814-05:00 [PHASE3B]       [1.1] RUN_CONTRACT             COMPLETED         1 / 1         100.0%  batches=1
2026-08-25T07:02:19.0599838-05:00 [PHASE3B]       [1.2] STAGED_COUNTS            COMPLETED         1 / 1         100.0%  batches=1
2026-08-25T07:02:19.0609824-05:00 [PHASE3B]       [1.3] REFERENCE_LINKS          COMPLETED         1 / 1         100.0%  batches=1
2026-08-25T07:02:19.0619833-05:00 [PHASE3B] 
2026-08-25T07:02:19.0629823-05:00 [PHASE3B] [2/6] RECONCILE_PARTS
2026-08-25T07:02:19.0639823-05:00 [PHASE3B]       [2.1] CATALOG_IDENTITIES       COMPLETED    64,347 / 64,347    100.0%  batches=13
2026-08-25T07:02:19.0639823-05:00 [PHASE3B]       [2.2] PART_ROWS                COMPLETED    64,347 / 64,347    100.0%  batches=13
2026-08-25T07:02:19.0649832-05:00 [PHASE3B]       [2.3] SOURCE_VALUES            COMPLETED    64,347 / 64,347    100.0%  batches=13
2026-08-25T07:02:19.0659814-05:00 [PHASE3B] 
2026-08-25T07:02:19.0669812-05:00 [PHASE3B] [3/6] RECONCILE_SETS
2026-08-25T07:02:19.0679828-05:00 [PHASE3B]       [3.1] CATALOG_IDENTITIES       COMPLETED    28,119 / 28,119    100.0%  batches=6
2026-08-25T07:02:19.0689814-05:00 [PHASE3B]       [3.2] SET_ROWS                 COMPLETED    28,119 / 28,119    100.0%  batches=6
2026-08-25T07:02:19.0699827-05:00 [PHASE3B]       [3.3] SOURCE_VALUES            COMPLETED    28,119 / 28,119    100.0%  batches=6
2026-08-25T07:02:19.0709821-05:00 [PHASE3B] 
2026-08-25T07:02:19.0709821-05:00 [PHASE3B] [4/6] RECONCILE_MINIFIGURES
2026-08-25T07:02:19.0719814-05:00 [PHASE3B]       [4.1] CATALOG_IDENTITIES       COMPLETED    17,162 / 17,162    100.0%  batches=4
2026-08-25T07:02:19.0729823-05:00 [PHASE3B]       [4.2] MINIFIGURE_ROWS          COMPLETED    17,162 / 17,162    100.0%  batches=4
2026-08-25T07:02:19.0739821-05:00 [PHASE3B]       [4.3] SOURCE_VALUES            COMPLETED    17,162 / 17,162    100.0%  batches=4
2026-08-25T07:02:19.0749826-05:00 [PHASE3B] 
2026-08-25T07:02:19.0759824-05:00 [PHASE3B] [5/6] SOURCE_PRESENCE
2026-08-25T07:02:19.0789829-05:00 [PHASE3B]       [5.1] PARTS                    COMPLETED         1 / 1         100.0%  batches=1
2026-08-25T07:02:19.0789829-05:00 [PHASE3B]       [5.2] SETS                     COMPLETED         1 / 1         100.0%  batches=1
2026-08-25T07:02:19.0799829-05:00 [PHASE3B]       [5.3] MINIFIGURES              COMPLETED         1 / 1         100.0%  batches=1
2026-08-25T07:02:19.0809823-05:00 [PHASE3B] 
2026-08-25T07:02:19.0819831-05:00 [PHASE3B] [6/6] FINALIZE_SOURCE_RUN
2026-08-25T07:02:19.0829816-05:00 [PHASE3B]       [6.1] VERIFY_COUNTS            COMPLETED         1 / 1         100.0%  batches=1
2026-08-25T07:02:19.0839818-05:00 [PHASE3B]       [6.2] COMPLETE_RUN             PENDING           0 / 1           0.0%  batches=0
2026-08-25T07:02:19.0849823-05:00 [PHASE3B] 
2026-08-25T07:02:19.0849823-05:00 [PHASE3B] [RUN] [6.2] FINALIZE_SOURCE_RUN / COMPLETE_RUN 0/1 (  0.0%) batch=1
2026-08-25T07:02:19.0859810-05:00 [PHASE3B] [OK ] [6.2] COMPLETE_RUN: 1/1 (100.0%) batches=1 elapsed=0.02s
2026-08-25T07:02:19.0869826-05:00 [PHASE3B] 
2026-08-25T07:02:19.0879819-05:00 [PHASE3B] -------------------------------------------------------------------------------
2026-08-25T07:02:19.0889821-05:00 [PHASE3B]  Durable Phase 3B checkpoint status
2026-08-25T07:02:19.0899834-05:00 [PHASE3B] -------------------------------------------------------------------------------
2026-08-25T07:02:19.0909824-05:00 [PHASE3B] 
2026-08-25T07:02:19.0909824-05:00 [PHASE3B] [1/6] VALIDATE_SOURCE_RUN
2026-08-25T07:02:19.0919821-05:00 [PHASE3B]       [1.1] RUN_CONTRACT             COMPLETED         1 / 1         100.0%  batches=1
2026-08-25T07:02:19.0929825-05:00 [PHASE3B]       [1.2] STAGED_COUNTS            COMPLETED         1 / 1         100.0%  batches=1
2026-08-25T07:02:19.0939824-05:00 [PHASE3B]       [1.3] REFERENCE_LINKS          COMPLETED         1 / 1         100.0%  batches=1
2026-08-25T07:02:19.0949815-05:00 [PHASE3B] 
2026-08-25T07:02:19.0959816-05:00 [PHASE3B] [2/6] RECONCILE_PARTS
2026-08-25T07:02:19.0969811-05:00 [PHASE3B]       [2.1] CATALOG_IDENTITIES       COMPLETED    64,347 / 64,347    100.0%  batches=13
2026-08-25T07:02:19.0979820-05:00 [PHASE3B]       [2.2] PART_ROWS                COMPLETED    64,347 / 64,347    100.0%  batches=13
2026-08-25T07:02:19.0989822-05:00 [PHASE3B]       [2.3] SOURCE_VALUES            COMPLETED    64,347 / 64,347    100.0%  batches=13
2026-08-25T07:02:19.0989822-05:00 [PHASE3B] 
2026-08-25T07:02:19.0999834-05:00 [PHASE3B] [3/6] RECONCILE_SETS
2026-08-25T07:02:19.1009822-05:00 [PHASE3B]       [3.1] CATALOG_IDENTITIES       COMPLETED    28,119 / 28,119    100.0%  batches=6
2026-08-25T07:02:19.1019835-05:00 [PHASE3B]       [3.2] SET_ROWS                 COMPLETED    28,119 / 28,119    100.0%  batches=6
2026-08-25T07:02:19.1029839-05:00 [PHASE3B]       [3.3] SOURCE_VALUES            COMPLETED    28,119 / 28,119    100.0%  batches=6
2026-08-25T07:02:19.1039816-05:00 [PHASE3B] 
2026-08-25T07:02:19.1039816-05:00 [PHASE3B] [4/6] RECONCILE_MINIFIGURES
2026-08-25T07:02:19.1049824-05:00 [PHASE3B]       [4.1] CATALOG_IDENTITIES       COMPLETED    17,162 / 17,162    100.0%  batches=4
2026-08-25T07:02:19.1059822-05:00 [PHASE3B]       [4.2] MINIFIGURE_ROWS          COMPLETED    17,162 / 17,162    100.0%  batches=4
2026-08-25T07:02:19.1069811-05:00 [PHASE3B]       [4.3] SOURCE_VALUES            COMPLETED    17,162 / 17,162    100.0%  batches=4
2026-08-25T07:02:19.1079828-05:00 [PHASE3B] 
2026-08-25T07:02:19.1089815-05:00 [PHASE3B] [5/6] SOURCE_PRESENCE
2026-08-25T07:02:19.1089815-05:00 [PHASE3B]       [5.1] PARTS                    COMPLETED         1 / 1         100.0%  batches=1
2026-08-25T07:02:19.1099817-05:00 [PHASE3B]       [5.2] SETS                     COMPLETED         1 / 1         100.0%  batches=1
2026-08-25T07:02:19.1109814-05:00 [PHASE3B]       [5.3] MINIFIGURES              COMPLETED         1 / 1         100.0%  batches=1
2026-08-25T07:02:19.1119818-05:00 [PHASE3B] 
2026-08-25T07:02:19.1129816-05:00 [PHASE3B] [6/6] FINALIZE_SOURCE_RUN
2026-08-25T07:02:19.1139813-05:00 [PHASE3B]       [6.1] VERIFY_COUNTS            COMPLETED         1 / 1         100.0%  batches=1
2026-08-25T07:02:19.1149817-05:00 [PHASE3B]       [6.2] COMPLETE_RUN             COMPLETED         1 / 1         100.0%  batches=1
2026-08-25T07:02:19.1149817-05:00 [PHASE3B] 
2026-08-25T07:02:19.1159831-05:00 [PHASE3B] 
2026-08-25T07:02:19.1169809-05:00 [PHASE3B] -------------------------------------------------------------------------------
2026-08-25T07:02:19.1179821-05:00 [PHASE3B]  Durable Phase 3B checkpoint status
2026-08-25T07:02:19.1189831-05:00 [PHASE3B] -------------------------------------------------------------------------------
2026-08-25T07:02:19.1199816-05:00 [PHASE3B] 
2026-08-25T07:02:19.1209814-05:00 [PHASE3B] [1/6] VALIDATE_SOURCE_RUN
2026-08-25T07:02:19.1209814-05:00 [PHASE3B]       [1.1] RUN_CONTRACT             COMPLETED         1 / 1         100.0%  batches=1
2026-08-25T07:02:19.1219827-05:00 [PHASE3B]       [1.2] STAGED_COUNTS            COMPLETED         1 / 1         100.0%  batches=1
2026-08-25T07:02:19.1229829-05:00 [PHASE3B]       [1.3] REFERENCE_LINKS          COMPLETED         1 / 1         100.0%  batches=1
2026-08-25T07:02:19.1239818-05:00 [PHASE3B] 
2026-08-25T07:02:19.1249818-05:00 [PHASE3B] [2/6] RECONCILE_PARTS
2026-08-25T07:02:19.1269820-05:00 [PHASE3B]       [2.1] CATALOG_IDENTITIES       COMPLETED    64,347 / 64,347    100.0%  batches=13
2026-08-25T07:02:19.1279812-05:00 [PHASE3B]       [2.2] PART_ROWS                COMPLETED    64,347 / 64,347    100.0%  batches=13
2026-08-25T07:02:19.1279812-05:00 [PHASE3B]       [2.3] SOURCE_VALUES            COMPLETED    64,347 / 64,347    100.0%  batches=13
2026-08-25T07:02:19.1289818-05:00 [PHASE3B] 
2026-08-25T07:02:19.1299821-05:00 [PHASE3B] [3/6] RECONCILE_SETS
2026-08-25T07:02:19.1309829-05:00 [PHASE3B]       [3.1] CATALOG_IDENTITIES       COMPLETED    28,119 / 28,119    100.0%  batches=6
2026-08-25T07:02:19.1319824-05:00 [PHASE3B]       [3.2] SET_ROWS                 COMPLETED    28,119 / 28,119    100.0%  batches=6
2026-08-25T07:02:19.1329819-05:00 [PHASE3B]       [3.3] SOURCE_VALUES            COMPLETED    28,119 / 28,119    100.0%  batches=6
2026-08-25T07:02:19.1339820-05:00 [PHASE3B] 
2026-08-25T07:02:19.1349852-05:00 [PHASE3B] [4/6] RECONCILE_MINIFIGURES
2026-08-25T07:02:19.1349852-05:00 [PHASE3B]       [4.1] CATALOG_IDENTITIES       COMPLETED    17,162 / 17,162    100.0%  batches=4
2026-08-25T07:02:19.1359824-05:00 [PHASE3B]       [4.2] MINIFIGURE_ROWS          COMPLETED    17,162 / 17,162    100.0%  batches=4
2026-08-25T07:02:19.1369817-05:00 [PHASE3B]       [4.3] SOURCE_VALUES            COMPLETED    17,162 / 17,162    100.0%  batches=4
2026-08-25T07:02:19.1379821-05:00 [PHASE3B] 
2026-08-25T07:02:19.1389833-05:00 [PHASE3B] [5/6] SOURCE_PRESENCE
2026-08-25T07:02:19.1409816-05:00 [PHASE3B]       [5.1] PARTS                    COMPLETED         1 / 1         100.0%  batches=1
2026-08-25T07:02:19.1419823-05:00 [PHASE3B]       [5.2] SETS                     COMPLETED         1 / 1         100.0%  batches=1
2026-08-25T07:02:19.1429814-05:00 [PHASE3B]       [5.3] MINIFIGURES              COMPLETED         1 / 1         100.0%  batches=1
2026-08-25T07:02:19.1429814-05:00 [PHASE3B] 
2026-08-25T07:02:19.1439837-05:00 [PHASE3B] [6/6] FINALIZE_SOURCE_RUN
2026-08-25T07:02:19.1449843-05:00 [PHASE3B]       [6.1] VERIFY_COUNTS            COMPLETED         1 / 1         100.0%  batches=1
2026-08-25T07:02:19.1459821-05:00 [PHASE3B]       [6.2] COMPLETE_RUN             COMPLETED         1 / 1         100.0%  batches=1
2026-08-25T07:02:19.1459821-05:00 [PHASE3B] 
2026-08-25T07:02:19.1469851-05:00 [PHASE3B] ==============================================================================
2026-08-25T07:02:19.1479838-05:00 [PHASE3B]  [PASS] Rebrickable Phase 3B checkpointed reconciliation completed
2026-08-25T07:02:19.1489818-05:00 [PHASE3B]  [INFO] Elapsed seconds: 73.14
2026-08-25T07:02:19.1499823-05:00 [PHASE3B] ==============================================================================
2026-08-25T07:02:19.1499823-05:00 [INFO] PHASE3B process exit code=0
2026-08-25T07:02:19.1509837-05:00 [PASS] PHASE3B completed
2026-08-25T07:02:19.2039817-05:00 [PASS] Lifecycle finalized source_run_id=01a038cb-99f0-7fd0-8c22-fc78a60b5973
2026-08-25T07:02:19.2049814-05:00 [INFO] START PHASE4A: import_rebrickable_phase4a_elements.py --file L:\var\www\Brk.Trkr\brk.trkr-db\import\runtime\snapshots\nightly_20260825_070057\elements.csv.gz
2026-08-25T07:02:20.0384323-05:00 [PHASE4A] ==============================================================================
2026-08-25T07:02:20.0404334-05:00 [PHASE4A]  BrickTrackr Rebrickable Phase 4A - Elements Staging v4.0.2
2026-08-25T07:02:20.0414338-05:00 [PHASE4A] ==============================================================================
2026-08-25T07:02:20.0424326-05:00 [PHASE4A] [INFO] File:       L:\var\www\Brk.Trkr\brk.trkr-db\import\runtime\snapshots\nightly_20260825_070057\elements.csv.gz
2026-08-25T07:02:20.0424326-05:00 [PHASE4A] [INFO] Batch size: 5,000
2026-08-25T07:02:20.0434333-05:00 [PHASE4A] [PASS] Header:      ['element_id', 'part_num', 'color_id', 'design_id']
2026-08-25T07:02:20.0444331-05:00 [PHASE4A] [PASS] SHA-256:     28e73e9348cf4eae48047dcbba496d6b71ca2d8848764fc11670d613282ccf32
2026-08-25T07:02:20.0454326-05:00 [PHASE4A] [PASS] Rows:        113,831
2026-08-25T07:02:20.0454326-05:00 [PHASE4A] [INFO] Duplicate element_id rows observed: 0
2026-08-25T07:02:20.0464325-05:00 [PHASE4A] [INFO] Duplicate element IDs are retained as source evidence; Phase 4B decides canonical history semantics.
2026-08-25T07:02:20.0474327-05:00 [PHASE4A] [RUN ] Source run: 01a038cc-c72f-7edd-ae47-bb71646ea6cd
2026-08-25T07:02:20.0484329-05:00 [PHASE4A] [STAGE] batch=  1     5,000/113,831 (  4.4%)
2026-08-25T07:02:20.4673370-05:00 [PHASE4A] [STAGE] batch=  2    10,000/113,831 (  8.8%)
2026-08-25T07:02:20.6693388-05:00 [PHASE4A] [STAGE] batch=  3    15,000/113,831 ( 13.2%)
2026-08-25T07:02:20.8713381-05:00 [PHASE4A] [STAGE] batch=  4    20,000/113,831 ( 17.6%)
2026-08-25T07:02:21.0773367-05:00 [PHASE4A] [STAGE] batch=  5    25,000/113,831 ( 22.0%)
2026-08-25T07:02:21.2833364-05:00 [PHASE4A] [STAGE] batch=  6    30,000/113,831 ( 26.4%)
2026-08-25T07:02:21.4913450-05:00 [PHASE4A] [STAGE] batch=  7    35,000/113,831 ( 30.7%)
2026-08-25T07:02:21.6783118-05:00 [PHASE4A] [STAGE] batch=  8    40,000/113,831 ( 35.1%)
2026-08-25T07:02:21.8732081-05:00 [PHASE4A] [STAGE] batch=  9    45,000/113,831 ( 39.5%)
2026-08-25T07:02:22.0552073-05:00 [PHASE4A] [STAGE] batch= 10    50,000/113,831 ( 43.9%)
2026-08-25T07:02:22.2292112-05:00 [PHASE4A] [STAGE] batch= 11    55,000/113,831 ( 48.3%)
2026-08-25T07:02:22.4112103-05:00 [PHASE4A] [STAGE] batch= 12    60,000/113,831 ( 52.7%)
2026-08-25T07:02:22.5968672-05:00 [PHASE4A] [STAGE] batch= 13    65,000/113,831 ( 57.1%)
2026-08-25T07:02:22.8619451-05:00 [PHASE4A] [STAGE] batch= 14    70,000/113,831 ( 61.5%)
2026-08-25T07:02:23.0369437-05:00 [PHASE4A] [STAGE] batch= 15    75,000/113,831 ( 65.9%)
2026-08-25T07:02:23.2219031-05:00 [PHASE4A] [STAGE] batch= 16    80,000/113,831 ( 70.3%)
2026-08-25T07:02:23.4201985-05:00 [PHASE4A] [STAGE] batch= 17    85,000/113,831 ( 74.7%)
2026-08-25T07:02:23.6594779-05:00 [PHASE4A] [STAGE] batch= 18    90,000/113,831 ( 79.1%)
2026-08-25T07:02:23.8674781-05:00 [PHASE4A] [STAGE] batch= 19    95,000/113,831 ( 83.5%)
2026-08-25T07:02:24.0720830-05:00 [PHASE4A] [STAGE] batch= 20   100,000/113,831 ( 87.8%)
2026-08-25T07:02:24.2775267-05:00 [PHASE4A] [STAGE] batch= 21   105,000/113,831 ( 92.2%)
2026-08-25T07:02:24.4857890-05:00 [PHASE4A] [STAGE] batch= 22   110,000/113,831 ( 96.6%)
2026-08-25T07:02:24.6357947-05:00 [PHASE4A] [STAGE] batch= 23   113,831/113,831 (100.0%)
2026-08-25T07:02:24.6527943-05:00 [PHASE4A] 
2026-08-25T07:02:24.6547963-05:00 [PHASE4A] ==============================================================================
2026-08-25T07:02:24.6557939-05:00 [PHASE4A]  [PASS] Rebrickable Phase 4A elements staging completed
2026-08-25T07:02:24.6567968-05:00 [PHASE4A]  [INFO] Source run: 01a038cc-c72f-7edd-ae47-bb71646ea6cd
2026-08-25T07:02:24.6577970-05:00 [PHASE4A]  [INFO] Rows:       113,831
2026-08-25T07:02:24.6587955-05:00 [PHASE4A]  [INFO] Elapsed:    5.29s
2026-08-25T07:02:24.6587955-05:00 [PHASE4A]  [INFO] Status:     VALIDATING
2026-08-25T07:02:24.6597944-05:00 [PHASE4A] ==============================================================================
2026-08-25T07:02:24.6607962-05:00 [PHASE4A] 
2026-08-25T07:02:24.6617959-05:00 [PHASE4A] [NEXT] Phase 4B may reconcile this source run. No canonical catalog DML was performed.
2026-08-25T07:02:24.6777942-05:00 [INFO] PHASE4A process exit code=0
2026-08-25T07:02:24.6787947-05:00 [PASS] PHASE4A completed
2026-08-25T07:02:24.7187963-05:00 [INFO] PHASE4A source_run_id=01a038cc-c72f-7edd-ae47-bb71646ea6cd
2026-08-25T07:02:24.7617952-05:00 [INFO] START PHASE4B: reconcile_rebrickable_phase4b_checkpointed.py --source-run-id 01a038cc-c72f-7edd-ae47-bb71646ea6cd
2026-08-25T07:05:46.3238422-05:00 [ERROR] [FAIL] Phase 4B: AdminShutdown: terminating connection due to administrator command
2026-08-25T07:05:46.3258436-05:00 [ERROR] at Invoke-PythonPhase, L:\var\www\Brk.Trkr\brk.trkr-db\import\run_rebrickable_full_refresh.ps1: line 294
at <ScriptBlock>, L:\var\www\Brk.Trkr\brk.trkr-db\import\run_rebrickable_full_refresh.ps1: line 407
2026-08-25T07:05:46.3268424-05:00 [ERROR] Full refresh failed after 00:04:44
